interactions:
- request:
    body: null
    headers:
      accept:
      - application/json
      accept-encoding:
      - gzip, deflate
      content-length:
      - '0'
      user-agent:
      - (gzip)
      x-goog-api-client:
      - gdcl/2.177.0 gl-python/3.13.5 cred-type/u
    method: GET
    uri: https://www.googleapis.com/calendar/v3/calendars/primary?alt=json
  response:
    body:
      string: "{\n  \"error\": {\n    \"code\": 401,\n    \"message\": \"Request had
        invalid authentication credentials. Expected OAuth 2 access token, login cookie
        or other valid authentication credential. See https://developers.google.com/identity/sign-in/web/devconsole-project.\",\n
        \   \"errors\": [\n      {\n        \"message\": \"Invalid Credentials\",\n
        \       \"domain\": \"global\",\n        \"reason\": \"authError\",\n        \"location\":
        \"Authorization\",\n        \"locationType\": \"header\"\n      }\n    ],\n
        \   \"status\": \"UNAUTHENTICATED\"\n  }\n}\n"
    headers:
      Alt-Svc:
      - h3=":443"; ma=2592000,h3-29=":443"; ma=2592000
      Content-Type:
      - application/json; charset=UTF-8
      Date:
      - Wed, 13 Aug 2025 10:26:26 GMT
      Server:
      - ESF
      Transfer-Encoding:
      - chunked
      Vary:
      - Origin
      - X-Origin
      - Referer
      WWW-Authenticate:
      - Bearer realm="https://accounts.google.com/", error="invalid_token"
      X-Content-Type-Options:
      - nosniff
      X-Frame-Options:
      - SAMEORIGIN
      X-XSS-Protection:
      - '0'
      content-length:
      - '507'
      x-l2-request-path:
      - l2-managed-14
    status:
      code: 401
      message: Unauthorized
- request:
    body: grant_type=refresh_token&client_id=378887917503-cmthhlg1nnnr6hqvum1sgaggmqqbnse7.apps.googleusercontent.com&scope=https%3A%2F%2Fwww.googleapis.com%2Fauth%2Fcalendar
    headers:
      accept-encoding:
      - gzip, deflate
      content-type:
      - application/x-www-form-urlencoded
      user-agent:
      - Python-httplib2/0.22.0 (gzip)
      x-goog-api-client:
      - gl-python/3.13.5 auth/2.40.3 cred-type/u
    method: POST
    uri: https://oauth2.googleapis.com/token
  response:
    body:
      string: "{\n  \"access_token\": \"REDACTED_OAUTH_TOKEN\",\n
        \ \"expires_in\": 3599,\n  \"scope\": \"https://www.googleapis.com/auth/calendar\",\n
        \ \"token_type\": \"Bearer\"\n}"
    headers:
      Alt-Svc:
      - h3=":443"; ma=2592000,h3-29=":443"; ma=2592000
      Cache-Control:
      - no-cache, no-store, max-age=0, must-revalidate
      Content-Type:
      - application/json; charset=utf-8
      Date:
      - Wed, 13 Aug 2025 10:26:26 GMT
      Expires:
      - Mon, 01 Jan 1990 00:00:00 GMT
      Pragma:
      - no-cache
      Server:
      - scaffolding on HTTPServer2
      Transfer-Encoding:
      - chunked
      Vary:
      - Origin
      - X-Origin
      - Referer
      X-Content-Type-Options:
      - nosniff
      X-Frame-Options:
      - SAMEORIGIN
      X-XSS-Protection:
      - '0'
      content-length:
      - '383'
    status:
      code: 200
      message: OK
- request:
    body: null
    headers:
      accept:
      - application/json
      accept-encoding:
      - gzip, deflate
      content-length:
      - '0'
      user-agent:
      - (gzip)
      x-goog-api-client:
      - gdcl/2.177.0 gl-python/3.13.5 cred-type/u
    method: GET
    uri: https://www.googleapis.com/calendar/v3/calendars/primary?alt=json
  response:
    body:
      string: "{\n \"kind\": \"calendar#calendar\",\n \"etag\": \"\\\"yBYytaCkItN-Z7wk25cvBHCrK3k\\\"\",\n
        \"id\": \"williamjameshandley.arxiv@gmail.com\",\n \"summary\": \"williamjameshandley.arxiv@gmail.com\",\n
        \"timeZone\": \"Europe/London\",\n \"conferenceProperties\": {\n  \"allowedConferenceSolutionTypes\":
        [\n   \"hangoutsMeet\"\n  ]\n }\n}\n"
    headers:
      Alt-Svc:
      - h3=":443"; ma=2592000,h3-29=":443"; ma=2592000
      Cache-Control:
      - private, max-age=0, must-revalidate, no-transform
      Content-Type:
      - application/json; charset=UTF-8
      Date:
      - Wed, 13 Aug 2025 10:26:26 GMT
      ETag:
      - '"yBYytaCkItN-Z7wk25cvBHCrK3k"'
      Expires:
      - Wed, 13 Aug 2025 10:26:26 GMT
      Server:
      - ESF
      Transfer-Encoding:
      - chunked
      Vary:
      - Origin
      - X-Origin
      - Referer
      X-Content-Type-Options:
      - nosniff
      X-Frame-Options:
      - SAMEORIGIN
      X-XSS-Protection:
      - '0'
      content-length:
      - '295'
      x-l2-request-path:
      - l2-managed-14
    status:
      code: 200
      message: OK
- request:
    body: '{"summary": "Cross-Timezone Consistency Test", "description": "Testing
      timezone consistency", "location": "Virtual", "start": {"dateTime": "2025-08-14T14:30:00+01:00",
      "timeZone": "Europe/London"}, "end": {"dateTime": "2025-08-14T15:45:00+01:00",
      "timeZone": "Europe/London"}}'
    headers:
      accept:
      - application/json
      accept-encoding:
      - gzip, deflate
      content-length:
      - '276'
      content-type:
      - application/json
      user-agent:
      - (gzip)
      x-goog-api-client:
      - gdcl/2.177.0 gl-python/3.13.5 cred-type/u
    method: POST
    uri: https://www.googleapis.com/calendar/v3/calendars/primary/events?alt=json
  response:
    body:
      string: "{\n \"kind\": \"calendar#event\",\n \"etag\": \"\\\"3510161574489150\\\"\",\n
        \"id\": \"dk1dkuv2j1njtrf80l1uaqledo\",\n \"status\": \"confirmed\",\n \"htmlLink\":
        \"https://www.google.com/calendar/event?eid=ZGsxZGt1djJqMW5qdHJmODBsMXVhcWxlZG8gd2lsbGlhbWphbWVzaGFuZGxleS5hcnhpdkBt\",\n
        \"created\": \"2025-08-13T10:26:27.000Z\",\n \"updated\": \"2025-08-13T10:26:27.244Z\",\n
        \"summary\": \"Cross-Timezone Consistency Test\",\n \"description\": \"Testing
        timezone consistency\",\n \"location\": \"Virtual\",\n \"creator\": {\n  \"email\":
        \"williamjameshandley.arxiv@gmail.com\",\n  \"self\": true\n },\n \"organizer\":
        {\n  \"email\": \"williamjameshandley.arxiv@gmail.com\",\n  \"self\": true\n
        },\n \"start\": {\n  \"dateTime\": \"2025-08-14T14:30:00+01:00\",\n  \"timeZone\":
        \"Europe/London\"\n },\n \"end\": {\n  \"dateTime\": \"2025-08-14T15:45:00+01:00\",\n
        \ \"timeZone\": \"Europe/London\"\n },\n \"iCalUID\": \"dk1dkuv2j1njtrf80l1uaqledo@google.com\",\n
        \"sequence\": 0,\n \"reminders\": {\n  \"useDefault\": true\n },\n \"eventType\":
        \"default\"\n}\n"
    headers:
      Alt-Svc:
      - h3=":443"; ma=2592000,h3-29=":443"; ma=2592000
      Cache-Control:
      - no-cache, no-store, max-age=0, must-revalidate
      Content-Type:
      - application/json; charset=UTF-8
      Date:
      - Wed, 13 Aug 2025 10:26:27 GMT
      ETag:
      - '"3510161574489150"'
      Expires:
      - Mon, 01 Jan 1990 00:00:00 GMT
      Pragma:
      - no-cache
      Server:
      - ESF
      Transfer-Encoding:
      - chunked
      Vary:
      - Origin
      - X-Origin
      - Referer
      X-Content-Type-Options:
      - nosniff
      X-Frame-Options:
      - SAMEORIGIN
      X-XSS-Protection:
      - '0'
      content-length:
      - '933'
      x-l2-request-path:
      - l2-managed-14
    status:
      code: 200
      message: OK
- request:
    body: null
    headers:
      accept:
      - application/json
      accept-encoding:
      - gzip, deflate
      content-length:
      - '0'
      user-agent:
      - (gzip)
      x-goog-api-client:
      - gdcl/2.177.0 gl-python/3.13.5 cred-type/u
    method: GET
    uri: https://www.googleapis.com/calendar/v3/calendars/primary/events/dk1dkuv2j1njtrf80l1uaqledo?alt=json
  response:
    body:
      string: "{\n  \"error\": {\n    \"code\": 401,\n    \"message\": \"Request had
        invalid authentication credentials. Expected OAuth 2 access token, login cookie
        or other valid authentication credential. See https://developers.google.com/identity/sign-in/web/devconsole-project.\",\n
        \   \"errors\": [\n      {\n        \"message\": \"Invalid Credentials\",\n
        \       \"domain\": \"global\",\n        \"reason\": \"authError\",\n        \"location\":
        \"Authorization\",\n        \"locationType\": \"header\"\n      }\n    ],\n
        \   \"status\": \"UNAUTHENTICATED\"\n  }\n}\n"
    headers:
      Alt-Svc:
      - h3=":443"; ma=2592000,h3-29=":443"; ma=2592000
      Content-Type:
      - application/json; charset=UTF-8
      Date:
      - Wed, 13 Aug 2025 10:26:27 GMT
      Server:
      - ESF
      Transfer-Encoding:
      - chunked
      Vary:
      - Origin
      - X-Origin
      - Referer
      WWW-Authenticate:
      - Bearer realm="https://accounts.google.com/", error="invalid_token"
      X-Content-Type-Options:
      - nosniff
      X-Frame-Options:
      - SAMEORIGIN
      X-XSS-Protection:
      - '0'
      content-length:
      - '507'
      x-l2-request-path:
      - l2-managed-14
    status:
      code: 401
      message: Unauthorized
- request:
    body: grant_type=refresh_token&client_id=378887917503-cmthhlg1nnnr6hqvum1sgaggmqqbnse7.apps.googleusercontent.com&scope=https%3A%2F%2Fwww.googleapis.com%2Fauth%2Fcalendar
    headers:
      accept-encoding:
      - gzip, deflate
      content-type:
      - application/x-www-form-urlencoded
      user-agent:
      - Python-httplib2/0.22.0 (gzip)
      x-goog-api-client:
      - gl-python/3.13.5 auth/2.40.3 cred-type/u
    method: POST
    uri: https://oauth2.googleapis.com/token
  response:
    body:
      string: "{\n  \"access_token\": \"REDACTED_OAUTH_TOKEN\",\n
        \ \"expires_in\": 3599,\n  \"scope\": \"https://www.googleapis.com/auth/calendar\",\n
        \ \"token_type\": \"Bearer\"\n}"
    headers:
      Alt-Svc:
      - h3=":443"; ma=2592000,h3-29=":443"; ma=2592000
      Cache-Control:
      - no-cache, no-store, max-age=0, must-revalidate
      Content-Type:
      - application/json; charset=utf-8
      Date:
      - Wed, 13 Aug 2025 10:26:27 GMT
      Expires:
      - Mon, 01 Jan 1990 00:00:00 GMT
      Pragma:
      - no-cache
      Server:
      - scaffolding on HTTPServer2
      Transfer-Encoding:
      - chunked
      Vary:
      - Origin
      - X-Origin
      - Referer
      X-Content-Type-Options:
      - nosniff
      X-Frame-Options:
      - SAMEORIGIN
      X-XSS-Protection:
      - '0'
      content-length:
      - '383'
    status:
      code: 200
      message: OK
- request:
    body: null
    headers:
      accept:
      - application/json
      accept-encoding:
      - gzip, deflate
      content-length:
      - '0'
      user-agent:
      - (gzip)
      x-goog-api-client:
      - gdcl/2.177.0 gl-python/3.13.5 cred-type/u
    method: GET
    uri: https://www.googleapis.com/calendar/v3/calendars/primary/events/dk1dkuv2j1njtrf80l1uaqledo?alt=json
  response:
    body:
      string: "{\n \"kind\": \"calendar#event\",\n \"etag\": \"\\\"3510161574489150\\\"\",\n
        \"id\": \"dk1dkuv2j1njtrf80l1uaqledo\",\n \"status\": \"confirmed\",\n \"htmlLink\":
        \"https://www.google.com/calendar/event?eid=ZGsxZGt1djJqMW5qdHJmODBsMXVhcWxlZG8gd2lsbGlhbWphbWVzaGFuZGxleS5hcnhpdkBt\",\n
        \"created\": \"2025-08-13T10:26:27.000Z\",\n \"updated\": \"2025-08-13T10:26:27.244Z\",\n
        \"summary\": \"Cross-Timezone Consistency Test\",\n \"description\": \"Testing
        timezone consistency\",\n \"location\": \"Virtual\",\n \"creator\": {\n  \"email\":
        \"williamjameshandley.arxiv@gmail.com\",\n  \"self\": true\n },\n \"organizer\":
        {\n  \"email\": \"williamjameshandley.arxiv@gmail.com\",\n  \"self\": true\n
        },\n \"start\": {\n  \"dateTime\": \"2025-08-14T14:30:00+01:00\",\n  \"timeZone\":
        \"Europe/London\"\n },\n \"end\": {\n  \"dateTime\": \"2025-08-14T15:45:00+01:00\",\n
        \ \"timeZone\": \"Europe/London\"\n },\n \"iCalUID\": \"dk1dkuv2j1njtrf80l1uaqledo@google.com\",\n
        \"sequence\": 0,\n \"reminders\": {\n  \"useDefault\": true\n },\n \"eventType\":
        \"default\"\n}\n"
    headers:
      Alt-Svc:
      - h3=":443"; ma=2592000,h3-29=":443"; ma=2592000
      Cache-Control:
      - private, max-age=0, must-revalidate, no-transform
      Content-Type:
      - application/json; charset=UTF-8
      Date:
      - Wed, 13 Aug 2025 10:26:27 GMT
      ETag:
      - '"3510161574489150"'
      Expires:
      - Wed, 13 Aug 2025 10:26:27 GMT
      Server:
      - ESF
      Transfer-Encoding:
      - chunked
      Vary:
      - Origin
      - X-Origin
      - Referer
      X-Content-Type-Options:
      - nosniff
      X-Frame-Options:
      - SAMEORIGIN
      X-XSS-Protection:
      - '0'
      content-length:
      - '933'
      x-l2-request-path:
      - l2-managed-14
    status:
      code: 200
      message: OK
- request:
    body: '{"description": "Updated description without time change", "location":
      ""}'
    headers:
      accept:
      - application/json
      accept-encoding:
      - gzip, deflate
      content-length:
      - '74'
      content-type:
      - application/json
      user-agent:
      - (gzip)
      x-goog-api-client:
      - gdcl/2.177.0 gl-python/3.13.5 cred-type/u
    method: PATCH
    uri: https://www.googleapis.com/calendar/v3/calendars/primary/events/dk1dkuv2j1njtrf80l1uaqledo?alt=json
  response:
    body:
      string: "{\n  \"error\": {\n    \"code\": 401,\n    \"message\": \"Request had
        invalid authentication credentials. Expected OAuth 2 access token, login cookie
        or other valid authentication credential. See https://developers.google.com/identity/sign-in/web/devconsole-project.\",\n
        \   \"errors\": [\n      {\n        \"message\": \"Invalid Credentials\",\n
        \       \"domain\": \"global\",\n        \"reason\": \"authError\",\n        \"location\":
        \"Authorization\",\n        \"locationType\": \"header\"\n      }\n    ],\n
        \   \"status\": \"UNAUTHENTICATED\"\n  }\n}\n"
    headers:
      Alt-Svc:
      - h3=":443"; ma=2592000,h3-29=":443"; ma=2592000
      Content-Type:
      - application/json; charset=UTF-8
      Date:
      - Wed, 13 Aug 2025 10:26:27 GMT
      Server:
      - ESF
      Transfer-Encoding:
      - chunked
      Vary:
      - Origin
      - X-Origin
      - Referer
      WWW-Authenticate:
      - Bearer realm="https://accounts.google.com/", error="invalid_token"
      X-Content-Type-Options:
      - nosniff
      X-Frame-Options:
      - SAMEORIGIN
      X-XSS-Protection:
      - '0'
      content-length:
      - '507'
      x-l2-request-path:
      - l2-managed-14
    status:
      code: 401
      message: Unauthorized
- request:
    body: grant_type=refresh_token&client_id=378887917503-cmthhlg1nnnr6hqvum1sgaggmqqbnse7.apps.googleusercontent.com&scope=https%3A%2F%2Fwww.googleapis.com%2Fauth%2Fcalendar
    headers:
      accept-encoding:
      - gzip, deflate
      content-type:
      - application/x-www-form-urlencoded
      user-agent:
      - Python-httplib2/0.22.0 (gzip)
      x-goog-api-client:
      - gl-python/3.13.5 auth/2.40.3 cred-type/u
    method: POST
    uri: https://oauth2.googleapis.com/token
  response:
    body:
      string: "{\n  \"access_token\": \"REDACTED_OAUTH_TOKEN\",\n
        \ \"expires_in\": 3599,\n  \"scope\": \"https://www.googleapis.com/auth/calendar\",\n
        \ \"token_type\": \"Bearer\"\n}"
    headers:
      Alt-Svc:
      - h3=":443"; ma=2592000,h3-29=":443"; ma=2592000
      Cache-Control:
      - no-cache, no-store, max-age=0, must-revalidate
      Content-Type:
      - application/json; charset=utf-8
      Date:
      - Wed, 13 Aug 2025 10:26:28 GMT
      Expires:
      - Mon, 01 Jan 1990 00:00:00 GMT
      Pragma:
      - no-cache
      Server:
      - scaffolding on HTTPServer2
      Transfer-Encoding:
      - chunked
      Vary:
      - Origin
      - X-Origin
      - Referer
      X-Content-Type-Options:
      - nosniff
      X-Frame-Options:
      - SAMEORIGIN
      X-XSS-Protection:
      - '0'
      content-length:
      - '383'
    status:
      code: 200
      message: OK
- request:
    body: '{"description": "Updated description without time change", "location":
      ""}'
    headers:
      accept:
      - application/json
      accept-encoding:
      - gzip, deflate
      content-length:
      - '74'
      content-type:
      - application/json
      user-agent:
      - (gzip)
      x-goog-api-client:
      - gdcl/2.177.0 gl-python/3.13.5 cred-type/u
    method: PATCH
    uri: https://www.googleapis.com/calendar/v3/calendars/primary/events/dk1dkuv2j1njtrf80l1uaqledo?alt=json
  response:
    body:
      string: "{\n \"kind\": \"calendar#event\",\n \"etag\": \"\\\"3510161577003934\\\"\",\n
        \"id\": \"dk1dkuv2j1njtrf80l1uaqledo\",\n \"status\": \"confirmed\",\n \"htmlLink\":
        \"https://www.google.com/calendar/event?eid=ZGsxZGt1djJqMW5qdHJmODBsMXVhcWxlZG8gd2lsbGlhbWphbWVzaGFuZGxleS5hcnhpdkBt\",\n
        \"created\": \"2025-08-13T10:26:27.000Z\",\n \"updated\": \"2025-08-13T10:26:28.501Z\",\n
        \"summary\": \"Cross-Timezone Consistency Test\",\n \"description\": \"Updated
        description without time change\",\n \"creator\": {\n  \"email\": \"williamjameshandley.arxiv@gmail.com\",\n
        \ \"self\": true\n },\n \"organizer\": {\n  \"email\": \"williamjameshandley.arxiv@gmail.com\",\n
        \ \"self\": true\n },\n \"start\": {\n  \"dateTime\": \"2025-08-14T14:30:00+01:00\",\n
        \ \"timeZone\": \"Europe/London\"\n },\n \"end\": {\n  \"dateTime\": \"2025-08-14T15:45:00+01:00\",\n
        \ \"timeZone\": \"Europe/London\"\n },\n \"iCalUID\": \"dk1dkuv2j1njtrf80l1uaqledo@google.com\",\n
        \"sequence\": 0,\n \"reminders\": {\n  \"useDefault\": true\n },\n \"eventType\":
        \"default\"\n}\n"
    headers:
      Alt-Svc:
      - h3=":443"; ma=2592000,h3-29=":443"; ma=2592000
      Cache-Control:
      - no-cache, no-store, max-age=0, must-revalidate
      Content-Type:
      - application/json; charset=UTF-8
      Date:
      - Wed, 13 Aug 2025 10:26:28 GMT
      ETag:
      - '"3510161577003934"'
      Expires:
      - Mon, 01 Jan 1990 00:00:00 GMT
      Pragma:
      - no-cache
      Server:
      - ESF
      Transfer-Encoding:
      - chunked
      Vary:
      - Origin,X-Origin,Referer
      X-Content-Type-Options:
      - nosniff
      X-Frame-Options:
      - SAMEORIGIN
      X-XSS-Protection:
      - '0'
      content-length:
      - '920'
      x-l2-request-path:
      - l2-managed-14
    status:
      code: 200
      message: OK
- request:
    body: null
    headers:
      accept:
      - application/json
      accept-encoding:
      - gzip, deflate
      content-length:
      - '0'
      user-agent:
      - (gzip)
      x-goog-api-client:
      - gdcl/2.177.0 gl-python/3.13.5 cred-type/u
    method: GET
    uri: https://www.googleapis.com/calendar/v3/calendars/primary/events/dk1dkuv2j1njtrf80l1uaqledo?alt=json
  response:
    body:
      string: "{\n  \"error\": {\n    \"code\": 401,\n    \"message\": \"Request had
        invalid authentication credentials. Expected OAuth 2 access token, login cookie
        or other valid authentication credential. See https://developers.google.com/identity/sign-in/web/devconsole-project.\",\n
        \   \"errors\": [\n      {\n        \"message\": \"Invalid Credentials\",\n
        \       \"domain\": \"global\",\n        \"reason\": \"authError\",\n        \"location\":
        \"Authorization\",\n        \"locationType\": \"header\"\n      }\n    ],\n
        \   \"status\": \"UNAUTHENTICATED\"\n  }\n}\n"
    headers:
      Alt-Svc:
      - h3=":443"; ma=2592000,h3-29=":443"; ma=2592000
      Content-Type:
      - application/json; charset=UTF-8
      Date:
      - Wed, 13 Aug 2025 10:26:28 GMT
      Server:
      - ESF
      Transfer-Encoding:
      - chunked
      Vary:
      - Origin
      - X-Origin
      - Referer
      WWW-Authenticate:
      - Bearer realm="https://accounts.google.com/", error="invalid_token"
      X-Content-Type-Options:
      - nosniff
      X-Frame-Options:
      - SAMEORIGIN
      X-XSS-Protection:
      - '0'
      content-length:
      - '507'
      x-l2-request-path:
      - l2-managed-14
    status:
      code: 401
      message: Unauthorized
- request:
    body: grant_type=refresh_token&client_id=378887917503-cmthhlg1nnnr6hqvum1sgaggmqqbnse7.apps.googleusercontent.com&scope=https%3A%2F%2Fwww.googleapis.com%2Fauth%2Fcalendar
    headers:
      accept-encoding:
      - gzip, deflate
      content-type:
      - application/x-www-form-urlencoded
      user-agent:
      - Python-httplib2/0.22.0 (gzip)
      x-goog-api-client:
      - gl-python/3.13.5 auth/2.40.3 cred-type/u
    method: POST
    uri: https://oauth2.googleapis.com/token
  response:
    body:
      string: "{\n  \"access_token\": \"REDACTED_OAUTH_TOKEN\",\n
        \ \"expires_in\": 3599,\n  \"scope\": \"https://www.googleapis.com/auth/calendar\",\n
        \ \"token_type\": \"Bearer\"\n}"
    headers:
      Alt-Svc:
      - h3=":443"; ma=2592000,h3-29=":443"; ma=2592000
      Cache-Control:
      - no-cache, no-store, max-age=0, must-revalidate
      Content-Type:
      - application/json; charset=utf-8
      Date:
      - Wed, 13 Aug 2025 10:26:28 GMT
      Expires:
      - Mon, 01 Jan 1990 00:00:00 GMT
      Pragma:
      - no-cache
      Server:
      - scaffolding on HTTPServer2
      Transfer-Encoding:
      - chunked
      Vary:
      - Origin
      - X-Origin
      - Referer
      X-Content-Type-Options:
      - nosniff
      X-Frame-Options:
      - SAMEORIGIN
      X-XSS-Protection:
      - '0'
      content-length:
      - '383'
    status:
      code: 200
      message: OK
- request:
    body: null
    headers:
      accept:
      - application/json
      accept-encoding:
      - gzip, deflate
      content-length:
      - '0'
      user-agent:
      - (gzip)
      x-goog-api-client:
      - gdcl/2.177.0 gl-python/3.13.5 cred-type/u
    method: GET
    uri: https://www.googleapis.com/calendar/v3/calendars/primary/events/dk1dkuv2j1njtrf80l1uaqledo?alt=json
  response:
    body:
      string: "{\n \"kind\": \"calendar#event\",\n \"etag\": \"\\\"3510161577003934\\\"\",\n
        \"id\": \"dk1dkuv2j1njtrf80l1uaqledo\",\n \"status\": \"confirmed\",\n \"htmlLink\":
        \"https://www.google.com/calendar/event?eid=ZGsxZGt1djJqMW5qdHJmODBsMXVhcWxlZG8gd2lsbGlhbWphbWVzaGFuZGxleS5hcnhpdkBt\",\n
        \"created\": \"2025-08-13T10:26:27.000Z\",\n \"updated\": \"2025-08-13T10:26:28.501Z\",\n
        \"summary\": \"Cross-Timezone Consistency Test\",\n \"description\": \"Updated
        description without time change\",\n \"creator\": {\n  \"email\": \"williamjameshandley.arxiv@gmail.com\",\n
        \ \"self\": true\n },\n \"organizer\": {\n  \"email\": \"williamjameshandley.arxiv@gmail.com\",\n
        \ \"self\": true\n },\n \"start\": {\n  \"dateTime\": \"2025-08-14T14:30:00+01:00\",\n
        \ \"timeZone\": \"Europe/London\"\n },\n \"end\": {\n  \"dateTime\": \"2025-08-14T15:45:00+01:00\",\n
        \ \"timeZone\": \"Europe/London\"\n },\n \"iCalUID\": \"dk1dkuv2j1njtrf80l1uaqledo@google.com\",\n
        \"sequence\": 0,\n \"reminders\": {\n  \"useDefault\": true\n },\n \"eventType\":
        \"default\"\n}\n"
    headers:
      Alt-Svc:
      - h3=":443"; ma=2592000,h3-29=":443"; ma=2592000
      Cache-Control:
      - private, max-age=0, must-revalidate, no-transform
      Content-Type:
      - application/json; charset=UTF-8
      Date:
      - Wed, 13 Aug 2025 10:26:28 GMT
      ETag:
      - '"3510161577003934"'
      Expires:
      - Wed, 13 Aug 2025 10:26:28 GMT
      Server:
      - ESF
      Transfer-Encoding:
      - chunked
      Vary:
      - Origin
      - X-Origin
      - Referer
      X-Content-Type-Options:
      - nosniff
      X-Frame-Options:
      - SAMEORIGIN
      X-XSS-Protection:
      - '0'
      content-length:
      - '920'
      x-l2-request-path:
      - l2-managed-14
    status:
      code: 200
      message: OK
- request:
    body: null
    headers:
      accept:
      - '*/*'
      accept-encoding:
      - gzip, deflate
      content-length:
      - '0'
      user-agent:
      - (gzip)
      x-goog-api-client:
      - gdcl/2.177.0 gl-python/3.13.5 cred-type/u
    method: DELETE
    uri: https://www.googleapis.com/calendar/v3/calendars/primary/events/dk1dkuv2j1njtrf80l1uaqledo
  response:
    body:
      string: "{\n  \"error\": {\n    \"code\": 401,\n    \"message\": \"Request had
        invalid authentication credentials. Expected OAuth 2 access token, login cookie
        or other valid authentication credential. See https://developers.google.com/identity/sign-in/web/devconsole-project.\",\n
        \   \"errors\": [\n      {\n        \"message\": \"Invalid Credentials\",\n
        \       \"domain\": \"global\",\n        \"reason\": \"authError\",\n        \"location\":
        \"Authorization\",\n        \"locationType\": \"header\"\n      }\n    ],\n
        \   \"status\": \"UNAUTHENTICATED\"\n  }\n}\n"
    headers:
      Alt-Svc:
      - h3=":443"; ma=2592000,h3-29=":443"; ma=2592000
      Content-Type:
      - application/json; charset=UTF-8
      Date:
      - Wed, 13 Aug 2025 10:26:29 GMT
      Server:
      - ESF
      Transfer-Encoding:
      - chunked
      Vary:
      - Origin
      - X-Origin
      - Referer
      WWW-Authenticate:
      - Bearer realm="https://accounts.google.com/", error="invalid_token"
      X-Content-Type-Options:
      - nosniff
      X-Frame-Options:
      - SAMEORIGIN
      X-XSS-Protection:
      - '0'
      content-length:
      - '507'
      x-l2-request-path:
      - l2-managed-14
    status:
      code: 401
      message: Unauthorized
- request:
    body: grant_type=refresh_token&client_id=378887917503-cmthhlg1nnnr6hqvum1sgaggmqqbnse7.apps.googleusercontent.com&scope=https%3A%2F%2Fwww.googleapis.com%2Fauth%2Fcalendar
    headers:
      accept-encoding:
      - gzip, deflate
      content-type:
      - application/x-www-form-urlencoded
      user-agent:
      - Python-httplib2/0.22.0 (gzip)
      x-goog-api-client:
      - gl-python/3.13.5 auth/2.40.3 cred-type/u
    method: POST
    uri: https://oauth2.googleapis.com/token
  response:
    body:
      string: "{\n  \"access_token\": \"REDACTED_OAUTH_TOKEN\",\n
        \ \"expires_in\": 3599,\n  \"scope\": \"https://www.googleapis.com/auth/calendar\",\n
        \ \"token_type\": \"Bearer\"\n}"
    headers:
      Alt-Svc:
      - h3=":443"; ma=2592000,h3-29=":443"; ma=2592000
      Cache-Control:
      - no-cache, no-store, max-age=0, must-revalidate
      Content-Type:
      - application/json; charset=utf-8
      Date:
      - Wed, 13 Aug 2025 10:26:29 GMT
      Expires:
      - Mon, 01 Jan 1990 00:00:00 GMT
      Pragma:
      - no-cache
      Server:
      - scaffolding on HTTPServer2
      Transfer-Encoding:
      - chunked
      Vary:
      - Origin
      - X-Origin
      - Referer
      X-Content-Type-Options:
      - nosniff
      X-Frame-Options:
      - SAMEORIGIN
      X-XSS-Protection:
      - '0'
      content-length:
      - '383'
    status:
      code: 200
      message: OK
- request:
    body: null
    headers:
      accept:
      - '*/*'
      accept-encoding:
      - gzip, deflate
      content-length:
      - '0'
      user-agent:
      - (gzip)
      x-goog-api-client:
      - gdcl/2.177.0 gl-python/3.13.5 cred-type/u
    method: DELETE
    uri: https://www.googleapis.com/calendar/v3/calendars/primary/events/dk1dkuv2j1njtrf80l1uaqledo
  response:
    body:
      string: ''
    headers:
      Alt-Svc:
      - h3=":443"; ma=2592000,h3-29=":443"; ma=2592000
      Cache-Control:
      - no-cache, no-store, max-age=0, must-revalidate
      Content-Length:
      - '0'
      Content-Type:
      - text/html
      Date:
      - Wed, 13 Aug 2025 10:26:29 GMT
      Expires:
      - Mon, 01 Jan 1990 00:00:00 GMT
      Pragma:
      - no-cache
      Server:
      - ESF
      Vary:
      - Origin
      - X-Origin
      - Referer
      X-Content-Type-Options:
      - nosniff
      X-Frame-Options:
      - SAMEORIGIN
      X-XSS-Protection:
      - '0'
      x-l2-request-path:
      - l2-managed-14
    status:
      code: 204
      message: No Content
version: 1
