interactions:
- request:
    body: null
    headers:
      accept:
      - application/json
      accept-encoding:
      - gzip, deflate
      content-length:
      - '0'
      user-agent:
      - (gzip)
      x-goog-api-client:
      - gdcl/2.175.0 gl-python/3.13.5 cred-type/u
    method: GET
    uri: https://www.googleapis.com/calendar/v3/calendars/primary?alt=json
  response:
    body:
      string: "{\n  \"error\": {\n    \"code\": 401,\n    \"message\": \"Request had
        invalid authentication credentials. Expected OAuth 2 access token, login cookie
        or other valid authentication credential. See https://developers.google.com/identity/sign-in/web/devconsole-project.\",\n
        \   \"errors\": [\n      {\n        \"message\": \"Invalid Credentials\",\n
        \       \"domain\": \"global\",\n        \"reason\": \"authError\",\n        \"location\":
        \"Authorization\",\n        \"locationType\": \"header\"\n      }\n    ],\n
        \   \"status\": \"UNAUTHENTICATED\"\n  }\n}\n"
    headers:
      Alt-Svc:
      - h3=":443"; ma=2592000,h3-29=":443"; ma=2592000
      Content-Type:
      - application/json; charset=UTF-8
      Date:
      - Tue, 15 Jul 2025 10:50:24 GMT
      Server:
      - ESF
      Transfer-Encoding:
      - chunked
      Vary:
      - Origin
      - X-Origin
      - Referer
      WWW-Authenticate:
      - Bearer realm="https://accounts.google.com/", error="invalid_token"
      X-Content-Type-Options:
      - nosniff
      X-Frame-Options:
      - SAMEORIGIN
      X-XSS-Protection:
      - '0'
      content-length:
      - '507'
      x-l2-request-path:
      - l2-managed-14
    status:
      code: 401
      message: Unauthorized
- request:
    body: grant_type=refresh_token&client_id=378887917503-cmthhlg1nnnr6hqvum1sgaggmqqbnse7.apps.googleusercontent.com&scope=https%3A%2F%2Fwww.googleapis.com%2Fauth%2Fcalendar
    headers:
      accept-encoding:
      - gzip, deflate
      content-type:
      - application/x-www-form-urlencoded
      user-agent:
      - Python-httplib2/0.22.0 (gzip)
      x-goog-api-client:
      - gl-python/3.13.5 auth/2.40.3 cred-type/u
    method: POST
    uri: https://oauth2.googleapis.com/token
  response:
    body:
      string: "{\n  \"access_token\": \"ya29.A0AS3H6Nx163XtfA8A_-0WEli04EAjydgnedjuFYqGCpdu4z62Xpr4_r0fLa1lYbXJGS4QR9CWP80N-cV5YX_h4gv7jI_vChk1RUfl1O-hcD2UHLiFnjH3MnxslHJgSOojLzCnUzp5sXnuGB8lvKKqdFkk9Ewr_z32CD7gBEwurCZbVO733HPoi7whY0BXoef7BMk7qkjhaCgYKASoSARESFQHGX2Miq1RoSMhjBWkCA_4VUBDoaw0207\",\n
        \ \"expires_in\": 3599,\n  \"scope\": \"https://www.googleapis.com/auth/calendar\",\n
        \ \"token_type\": \"Bearer\"\n}"
    headers:
      Alt-Svc:
      - h3=":443"; ma=2592000,h3-29=":443"; ma=2592000
      Cache-Control:
      - no-cache, no-store, max-age=0, must-revalidate
      Content-Type:
      - application/json; charset=utf-8
      Date:
      - Tue, 15 Jul 2025 10:50:24 GMT
      Expires:
      - Mon, 01 Jan 1990 00:00:00 GMT
      Pragma:
      - no-cache
      Server:
      - scaffolding on HTTPServer2
      Transfer-Encoding:
      - chunked
      Vary:
      - Origin
      - X-Origin
      - Referer
      X-Content-Type-Options:
      - nosniff
      X-Frame-Options:
      - SAMEORIGIN
      X-XSS-Protection:
      - '0'
      content-length:
      - '381'
    status:
      code: 200
      message: OK
- request:
    body: null
    headers:
      accept:
      - application/json
      accept-encoding:
      - gzip, deflate
      content-length:
      - '0'
      user-agent:
      - (gzip)
      x-goog-api-client:
      - gdcl/2.175.0 gl-python/3.13.5 cred-type/u
    method: GET
    uri: https://www.googleapis.com/calendar/v3/calendars/primary?alt=json
  response:
    body:
      string: "{\n \"kind\": \"calendar#calendar\",\n \"etag\": \"\\\"yBYytaCkItN-Z7wk25cvBHCrK3k\\\"\",\n
        \"id\": \"williamjameshandley.arxiv@gmail.com\",\n \"summary\": \"williamjameshandley.arxiv@gmail.com\",\n
        \"timeZone\": \"Europe/London\",\n \"conferenceProperties\": {\n  \"allowedConferenceSolutionTypes\":
        [\n   \"hangoutsMeet\"\n  ]\n }\n}\n"
    headers:
      Alt-Svc:
      - h3=":443"; ma=2592000,h3-29=":443"; ma=2592000
      Cache-Control:
      - private, max-age=0, must-revalidate, no-transform
      Content-Type:
      - application/json; charset=UTF-8
      Date:
      - Tue, 15 Jul 2025 10:50:24 GMT
      ETag:
      - '"yBYytaCkItN-Z7wk25cvBHCrK3k"'
      Expires:
      - Tue, 15 Jul 2025 10:50:24 GMT
      Server:
      - ESF
      Transfer-Encoding:
      - chunked
      Vary:
      - Origin
      - X-Origin
      - Referer
      X-Content-Type-Options:
      - nosniff
      X-Frame-Options:
      - SAMEORIGIN
      X-XSS-Protection:
      - '0'
      content-length:
      - '295'
      x-l2-request-path:
      - l2-managed-14
    status:
      code: 200
      message: OK
- request:
    body: '{"summary": "Winter Event", "description": "Event during standard time",
      "location": "", "start": {"dateTime": "2024-01-15T19:00:00", "timeZone": "Europe/London"},
      "end": {"dateTime": "2024-01-15T20:00:00", "timeZone": "Europe/London"}}'
    headers:
      accept:
      - application/json
      accept-encoding:
      - gzip, deflate
      content-length:
      - '236'
      content-type:
      - application/json
      user-agent:
      - (gzip)
      x-goog-api-client:
      - gdcl/2.175.0 gl-python/3.13.5 cred-type/u
    method: POST
    uri: https://www.googleapis.com/calendar/v3/calendars/primary/events?alt=json
  response:
    body:
      string: "{\n \"kind\": \"calendar#event\",\n \"etag\": \"\\\"3505153250773566\\\"\",\n
        \"id\": \"6vqc5f28q9jk0id2fpai79s0jk\",\n \"status\": \"confirmed\",\n \"htmlLink\":
        \"https://www.google.com/calendar/event?eid=NnZxYzVmMjhxOWprMGlkMmZwYWk3OXMwamsgd2lsbGlhbWphbWVzaGFuZGxleS5hcnhpdkBt\",\n
        \"created\": \"2025-07-15T10:50:25.000Z\",\n \"updated\": \"2025-07-15T10:50:25.386Z\",\n
        \"summary\": \"Winter Event\",\n \"description\": \"Event during standard
        time\",\n \"creator\": {\n  \"email\": \"williamjameshandley.arxiv@gmail.com\",\n
        \ \"self\": true\n },\n \"organizer\": {\n  \"email\": \"williamjameshandley.arxiv@gmail.com\",\n
        \ \"self\": true\n },\n \"start\": {\n  \"dateTime\": \"2024-01-15T19:00:00Z\",\n
        \ \"timeZone\": \"Europe/London\"\n },\n \"end\": {\n  \"dateTime\": \"2024-01-15T20:00:00Z\",\n
        \ \"timeZone\": \"Europe/London\"\n },\n \"iCalUID\": \"6vqc5f28q9jk0id2fpai79s0jk@google.com\",\n
        \"sequence\": 0,\n \"reminders\": {\n  \"useDefault\": true\n },\n \"eventType\":
        \"default\"\n}\n"
    headers:
      Alt-Svc:
      - h3=":443"; ma=2592000,h3-29=":443"; ma=2592000
      Cache-Control:
      - no-cache, no-store, max-age=0, must-revalidate
      Content-Type:
      - application/json; charset=UTF-8
      Date:
      - Tue, 15 Jul 2025 10:50:25 GMT
      ETag:
      - '"3505153250773566"'
      Expires:
      - Mon, 01 Jan 1990 00:00:00 GMT
      Pragma:
      - no-cache
      Server:
      - ESF
      Transfer-Encoding:
      - chunked
      Vary:
      - Origin
      - X-Origin
      - Referer
      X-Content-Type-Options:
      - nosniff
      X-Frame-Options:
      - SAMEORIGIN
      X-XSS-Protection:
      - '0'
      content-length:
      - '878'
      x-l2-request-path:
      - l2-managed-14
    status:
      code: 200
      message: OK
- request:
    body: null
    headers:
      accept:
      - application/json
      accept-encoding:
      - gzip, deflate
      content-length:
      - '0'
      user-agent:
      - (gzip)
      x-goog-api-client:
      - gdcl/2.175.0 gl-python/3.13.5 cred-type/u
    method: GET
    uri: https://www.googleapis.com/calendar/v3/calendars/primary?alt=json
  response:
    body:
      string: "{\n  \"error\": {\n    \"code\": 401,\n    \"message\": \"Request had
        invalid authentication credentials. Expected OAuth 2 access token, login cookie
        or other valid authentication credential. See https://developers.google.com/identity/sign-in/web/devconsole-project.\",\n
        \   \"errors\": [\n      {\n        \"message\": \"Invalid Credentials\",\n
        \       \"domain\": \"global\",\n        \"reason\": \"authError\",\n        \"location\":
        \"Authorization\",\n        \"locationType\": \"header\"\n      }\n    ],\n
        \   \"status\": \"UNAUTHENTICATED\"\n  }\n}\n"
    headers:
      Alt-Svc:
      - h3=":443"; ma=2592000,h3-29=":443"; ma=2592000
      Content-Type:
      - application/json; charset=UTF-8
      Date:
      - Tue, 15 Jul 2025 10:50:25 GMT
      Server:
      - ESF
      Transfer-Encoding:
      - chunked
      Vary:
      - Origin
      - X-Origin
      - Referer
      WWW-Authenticate:
      - Bearer realm="https://accounts.google.com/", error="invalid_token"
      X-Content-Type-Options:
      - nosniff
      X-Frame-Options:
      - SAMEORIGIN
      X-XSS-Protection:
      - '0'
      content-length:
      - '507'
      x-l2-request-path:
      - l2-managed-14
    status:
      code: 401
      message: Unauthorized
- request:
    body: grant_type=refresh_token&client_id=378887917503-cmthhlg1nnnr6hqvum1sgaggmqqbnse7.apps.googleusercontent.com&scope=https%3A%2F%2Fwww.googleapis.com%2Fauth%2Fcalendar
    headers:
      accept-encoding:
      - gzip, deflate
      content-type:
      - application/x-www-form-urlencoded
      user-agent:
      - Python-httplib2/0.22.0 (gzip)
      x-goog-api-client:
      - gl-python/3.13.5 auth/2.40.3 cred-type/u
    method: POST
    uri: https://oauth2.googleapis.com/token
  response:
    body:
      string: "{\n  \"access_token\": \"ya29.A0AS3H6NzM3dPDDxI1iVOTnRXQptxAza57GhKWpmjt8Nd-CzsvsnnbNduksL6taVgZZXsJ7fjniQ86pwNNhLsq3LJeqdQPFdUMpF8ufrG80ImJrHCtEe9wRo-Dm4RKtFmaLN4Ru6h4yos-cDJN_EkiC4-w61ImlP0F4zq7kgdCyj64ZEh5sy4Lnj79O9K1HQMlle5-BKxTaCgYKAUMSARcSFQHGX2MihKdKFSGDGSmtbfD-MFI1bA0207\",\n
        \ \"expires_in\": 3599,\n  \"scope\": \"https://www.googleapis.com/auth/calendar\",\n
        \ \"token_type\": \"Bearer\"\n}"
    headers:
      Alt-Svc:
      - h3=":443"; ma=2592000,h3-29=":443"; ma=2592000
      Cache-Control:
      - no-cache, no-store, max-age=0, must-revalidate
      Content-Type:
      - application/json; charset=utf-8
      Date:
      - Tue, 15 Jul 2025 10:50:26 GMT
      Expires:
      - Mon, 01 Jan 1990 00:00:00 GMT
      Pragma:
      - no-cache
      Server:
      - scaffolding on HTTPServer2
      Transfer-Encoding:
      - chunked
      Vary:
      - Origin
      - X-Origin
      - Referer
      X-Content-Type-Options:
      - nosniff
      X-Frame-Options:
      - SAMEORIGIN
      X-XSS-Protection:
      - '0'
      content-length:
      - '381'
    status:
      code: 200
      message: OK
- request:
    body: null
    headers:
      accept:
      - application/json
      accept-encoding:
      - gzip, deflate
      content-length:
      - '0'
      user-agent:
      - (gzip)
      x-goog-api-client:
      - gdcl/2.175.0 gl-python/3.13.5 cred-type/u
    method: GET
    uri: https://www.googleapis.com/calendar/v3/calendars/primary?alt=json
  response:
    body:
      string: "{\n \"kind\": \"calendar#calendar\",\n \"etag\": \"\\\"yBYytaCkItN-Z7wk25cvBHCrK3k\\\"\",\n
        \"id\": \"williamjameshandley.arxiv@gmail.com\",\n \"summary\": \"williamjameshandley.arxiv@gmail.com\",\n
        \"timeZone\": \"Europe/London\",\n \"conferenceProperties\": {\n  \"allowedConferenceSolutionTypes\":
        [\n   \"hangoutsMeet\"\n  ]\n }\n}\n"
    headers:
      Alt-Svc:
      - h3=":443"; ma=2592000,h3-29=":443"; ma=2592000
      Cache-Control:
      - private, max-age=0, must-revalidate, no-transform
      Content-Type:
      - application/json; charset=UTF-8
      Date:
      - Tue, 15 Jul 2025 10:50:26 GMT
      ETag:
      - '"yBYytaCkItN-Z7wk25cvBHCrK3k"'
      Expires:
      - Tue, 15 Jul 2025 10:50:26 GMT
      Server:
      - ESF
      Transfer-Encoding:
      - chunked
      Vary:
      - Origin
      - X-Origin
      - Referer
      X-Content-Type-Options:
      - nosniff
      X-Frame-Options:
      - SAMEORIGIN
      X-XSS-Protection:
      - '0'
      content-length:
      - '295'
      x-l2-request-path:
      - l2-managed-14
    status:
      code: 200
      message: OK
- request:
    body: '{"summary": "Summer Event", "description": "Event during daylight time",
      "location": "", "start": {"dateTime": "2024-07-15T19:00:00", "timeZone": "Europe/London"},
      "end": {"dateTime": "2024-07-15T20:00:00", "timeZone": "Europe/London"}}'
    headers:
      accept:
      - application/json
      accept-encoding:
      - gzip, deflate
      content-length:
      - '236'
      content-type:
      - application/json
      user-agent:
      - (gzip)
      x-goog-api-client:
      - gdcl/2.175.0 gl-python/3.13.5 cred-type/u
    method: POST
    uri: https://www.googleapis.com/calendar/v3/calendars/primary/events?alt=json
  response:
    body:
      string: "{\n \"kind\": \"calendar#event\",\n \"etag\": \"\\\"3505153253267870\\\"\",\n
        \"id\": \"gdtkj13v2anies25k0vvlgkkgk\",\n \"status\": \"confirmed\",\n \"htmlLink\":
        \"https://www.google.com/calendar/event?eid=Z2R0a2oxM3YyYW5pZXMyNWswdnZsZ2trZ2sgd2lsbGlhbWphbWVzaGFuZGxleS5hcnhpdkBt\",\n
        \"created\": \"2025-07-15T10:50:26.000Z\",\n \"updated\": \"2025-07-15T10:50:26.633Z\",\n
        \"summary\": \"Summer Event\",\n \"description\": \"Event during daylight
        time\",\n \"creator\": {\n  \"email\": \"williamjameshandley.arxiv@gmail.com\",\n
        \ \"self\": true\n },\n \"organizer\": {\n  \"email\": \"williamjameshandley.arxiv@gmail.com\",\n
        \ \"self\": true\n },\n \"start\": {\n  \"dateTime\": \"2024-07-15T19:00:00+01:00\",\n
        \ \"timeZone\": \"Europe/London\"\n },\n \"end\": {\n  \"dateTime\": \"2024-07-15T20:00:00+01:00\",\n
        \ \"timeZone\": \"Europe/London\"\n },\n \"iCalUID\": \"gdtkj13v2anies25k0vvlgkkgk@google.com\",\n
        \"sequence\": 0,\n \"reminders\": {\n  \"useDefault\": true\n },\n \"eventType\":
        \"default\"\n}\n"
    headers:
      Alt-Svc:
      - h3=":443"; ma=2592000,h3-29=":443"; ma=2592000
      Cache-Control:
      - no-cache, no-store, max-age=0, must-revalidate
      Content-Type:
      - application/json; charset=UTF-8
      Date:
      - Tue, 15 Jul 2025 10:50:26 GMT
      ETag:
      - '"3505153253267870"'
      Expires:
      - Mon, 01 Jan 1990 00:00:00 GMT
      Pragma:
      - no-cache
      Server:
      - ESF
      Transfer-Encoding:
      - chunked
      Vary:
      - Origin
      - X-Origin
      - Referer
      X-Content-Type-Options:
      - nosniff
      X-Frame-Options:
      - SAMEORIGIN
      X-XSS-Protection:
      - '0'
      content-length:
      - '888'
      x-l2-request-path:
      - l2-managed-14
    status:
      code: 200
      message: OK
- request:
    body: null
    headers:
      accept:
      - application/json
      accept-encoding:
      - gzip, deflate
      content-length:
      - '0'
      user-agent:
      - (gzip)
      x-goog-api-client:
      - gdcl/2.175.0 gl-python/3.13.5 cred-type/u
    method: GET
    uri: https://www.googleapis.com/calendar/v3/calendars/primary/events/6vqc5f28q9jk0id2fpai79s0jk?alt=json
  response:
    body:
      string: "{\n  \"error\": {\n    \"code\": 401,\n    \"message\": \"Request had
        invalid authentication credentials. Expected OAuth 2 access token, login cookie
        or other valid authentication credential. See https://developers.google.com/identity/sign-in/web/devconsole-project.\",\n
        \   \"errors\": [\n      {\n        \"message\": \"Invalid Credentials\",\n
        \       \"domain\": \"global\",\n        \"reason\": \"authError\",\n        \"location\":
        \"Authorization\",\n        \"locationType\": \"header\"\n      }\n    ],\n
        \   \"status\": \"UNAUTHENTICATED\"\n  }\n}\n"
    headers:
      Alt-Svc:
      - h3=":443"; ma=2592000,h3-29=":443"; ma=2592000
      Content-Type:
      - application/json; charset=UTF-8
      Date:
      - Tue, 15 Jul 2025 10:50:26 GMT
      Server:
      - ESF
      Transfer-Encoding:
      - chunked
      Vary:
      - Origin
      - X-Origin
      - Referer
      WWW-Authenticate:
      - Bearer realm="https://accounts.google.com/", error="invalid_token"
      X-Content-Type-Options:
      - nosniff
      X-Frame-Options:
      - SAMEORIGIN
      X-XSS-Protection:
      - '0'
      content-length:
      - '507'
      x-l2-request-path:
      - l2-managed-14
    status:
      code: 401
      message: Unauthorized
- request:
    body: grant_type=refresh_token&client_id=378887917503-cmthhlg1nnnr6hqvum1sgaggmqqbnse7.apps.googleusercontent.com&scope=https%3A%2F%2Fwww.googleapis.com%2Fauth%2Fcalendar
    headers:
      accept-encoding:
      - gzip, deflate
      content-type:
      - application/x-www-form-urlencoded
      user-agent:
      - Python-httplib2/0.22.0 (gzip)
      x-goog-api-client:
      - gl-python/3.13.5 auth/2.40.3 cred-type/u
    method: POST
    uri: https://oauth2.googleapis.com/token
  response:
    body:
      string: "{\n  \"access_token\": \"ya29.A0AS3H6NxZf38jduEevgN3e6xOeIju2RuT4msjHHIGbxzbcE2Sk-4OCc_3otOYx3azI1gI64_m04izkddEEjHH2kU8Qc5rxwFbX0fVqSWd6FYBP8b9T12mSvYy-Eb6REh2ggzb7C1ak30MDEBgwSLE71Fuv6foGiJZjC0WpLBtRKDlt6Ee0iP98LBYaKx-fansi1lHOSoJaCgYKAW0SARQSFQHGX2MiNGSV3dvG0HFVBSIjyW2rpA0207\",\n
        \ \"expires_in\": 3599,\n  \"scope\": \"https://www.googleapis.com/auth/calendar\",\n
        \ \"token_type\": \"Bearer\"\n}"
    headers:
      Alt-Svc:
      - h3=":443"; ma=2592000,h3-29=":443"; ma=2592000
      Cache-Control:
      - no-cache, no-store, max-age=0, must-revalidate
      Content-Type:
      - application/json; charset=utf-8
      Date:
      - Tue, 15 Jul 2025 10:50:27 GMT
      Expires:
      - Mon, 01 Jan 1990 00:00:00 GMT
      Pragma:
      - no-cache
      Server:
      - scaffolding on HTTPServer2
      Transfer-Encoding:
      - chunked
      Vary:
      - Origin
      - X-Origin
      - Referer
      X-Content-Type-Options:
      - nosniff
      X-Frame-Options:
      - SAMEORIGIN
      X-XSS-Protection:
      - '0'
      content-length:
      - '381'
    status:
      code: 200
      message: OK
- request:
    body: null
    headers:
      accept:
      - application/json
      accept-encoding:
      - gzip, deflate
      content-length:
      - '0'
      user-agent:
      - (gzip)
      x-goog-api-client:
      - gdcl/2.175.0 gl-python/3.13.5 cred-type/u
    method: GET
    uri: https://www.googleapis.com/calendar/v3/calendars/primary/events/6vqc5f28q9jk0id2fpai79s0jk?alt=json
  response:
    body:
      string: "{\n \"kind\": \"calendar#event\",\n \"etag\": \"\\\"3505153250773566\\\"\",\n
        \"id\": \"6vqc5f28q9jk0id2fpai79s0jk\",\n \"status\": \"confirmed\",\n \"htmlLink\":
        \"https://www.google.com/calendar/event?eid=NnZxYzVmMjhxOWprMGlkMmZwYWk3OXMwamsgd2lsbGlhbWphbWVzaGFuZGxleS5hcnhpdkBt\",\n
        \"created\": \"2025-07-15T10:50:25.000Z\",\n \"updated\": \"2025-07-15T10:50:25.386Z\",\n
        \"summary\": \"Winter Event\",\n \"description\": \"Event during standard
        time\",\n \"creator\": {\n  \"email\": \"williamjameshandley.arxiv@gmail.com\",\n
        \ \"self\": true\n },\n \"organizer\": {\n  \"email\": \"williamjameshandley.arxiv@gmail.com\",\n
        \ \"self\": true\n },\n \"start\": {\n  \"dateTime\": \"2024-01-15T19:00:00Z\",\n
        \ \"timeZone\": \"Europe/London\"\n },\n \"end\": {\n  \"dateTime\": \"2024-01-15T20:00:00Z\",\n
        \ \"timeZone\": \"Europe/London\"\n },\n \"iCalUID\": \"6vqc5f28q9jk0id2fpai79s0jk@google.com\",\n
        \"sequence\": 0,\n \"reminders\": {\n  \"useDefault\": true\n },\n \"eventType\":
        \"default\"\n}\n"
    headers:
      Alt-Svc:
      - h3=":443"; ma=2592000,h3-29=":443"; ma=2592000
      Cache-Control:
      - private, max-age=0, must-revalidate, no-transform
      Content-Type:
      - application/json; charset=UTF-8
      Date:
      - Tue, 15 Jul 2025 10:50:27 GMT
      ETag:
      - '"3505153250773566"'
      Expires:
      - Tue, 15 Jul 2025 10:50:27 GMT
      Server:
      - ESF
      Transfer-Encoding:
      - chunked
      Vary:
      - Origin
      - X-Origin
      - Referer
      X-Content-Type-Options:
      - nosniff
      X-Frame-Options:
      - SAMEORIGIN
      X-XSS-Protection:
      - '0'
      content-length:
      - '878'
      x-l2-request-path:
      - l2-managed-14
    status:
      code: 200
      message: OK
- request:
    body: null
    headers:
      accept:
      - application/json
      accept-encoding:
      - gzip, deflate
      content-length:
      - '0'
      user-agent:
      - (gzip)
      x-goog-api-client:
      - gdcl/2.175.0 gl-python/3.13.5 cred-type/u
    method: GET
    uri: https://www.googleapis.com/calendar/v3/calendars/primary/events/gdtkj13v2anies25k0vvlgkkgk?alt=json
  response:
    body:
      string: "{\n  \"error\": {\n    \"code\": 401,\n    \"message\": \"Request had
        invalid authentication credentials. Expected OAuth 2 access token, login cookie
        or other valid authentication credential. See https://developers.google.com/identity/sign-in/web/devconsole-project.\",\n
        \   \"errors\": [\n      {\n        \"message\": \"Invalid Credentials\",\n
        \       \"domain\": \"global\",\n        \"reason\": \"authError\",\n        \"location\":
        \"Authorization\",\n        \"locationType\": \"header\"\n      }\n    ],\n
        \   \"status\": \"UNAUTHENTICATED\"\n  }\n}\n"
    headers:
      Alt-Svc:
      - h3=":443"; ma=2592000,h3-29=":443"; ma=2592000
      Content-Type:
      - application/json; charset=UTF-8
      Date:
      - Tue, 15 Jul 2025 10:50:27 GMT
      Server:
      - ESF
      Transfer-Encoding:
      - chunked
      Vary:
      - Origin
      - X-Origin
      - Referer
      WWW-Authenticate:
      - Bearer realm="https://accounts.google.com/", error="invalid_token"
      X-Content-Type-Options:
      - nosniff
      X-Frame-Options:
      - SAMEORIGIN
      X-XSS-Protection:
      - '0'
      content-length:
      - '507'
      x-l2-request-path:
      - l2-managed-14
    status:
      code: 401
      message: Unauthorized
- request:
    body: grant_type=refresh_token&client_id=378887917503-cmthhlg1nnnr6hqvum1sgaggmqqbnse7.apps.googleusercontent.com&scope=https%3A%2F%2Fwww.googleapis.com%2Fauth%2Fcalendar
    headers:
      accept-encoding:
      - gzip, deflate
      content-type:
      - application/x-www-form-urlencoded
      user-agent:
      - Python-httplib2/0.22.0 (gzip)
      x-goog-api-client:
      - gl-python/3.13.5 auth/2.40.3 cred-type/u
    method: POST
    uri: https://oauth2.googleapis.com/token
  response:
    body:
      string: "{\n  \"access_token\": \"ya29.A0AS3H6NwpPGVYWCB7R8zDl7LRZ_fGHFwYmKcULlZO90qiEqwXb7nGvI4sYlRUa9P6VHJUoS0FOFqD3d6ey76kL_Pg0GEBwzI-AewEoIo2Ral1KN9P4he-Z2P0U1HKk7jP7EZxz-DLVgDbzScRmAFOEPSw04eKyB0hOSvrJS9PtOzCpJJvZpK2Z9Hsm-jXsKlAfIfRYNqWaCgYKARESARQSFQHGX2Mi9slE20-pIQs6qlgx_S2LsA0207\",\n
        \ \"expires_in\": 3599,\n  \"scope\": \"https://www.googleapis.com/auth/calendar\",\n
        \ \"token_type\": \"Bearer\"\n}"
    headers:
      Alt-Svc:
      - h3=":443"; ma=2592000,h3-29=":443"; ma=2592000
      Cache-Control:
      - no-cache, no-store, max-age=0, must-revalidate
      Content-Type:
      - application/json; charset=utf-8
      Date:
      - Tue, 15 Jul 2025 10:50:27 GMT
      Expires:
      - Mon, 01 Jan 1990 00:00:00 GMT
      Pragma:
      - no-cache
      Server:
      - scaffolding on HTTPServer2
      Transfer-Encoding:
      - chunked
      Vary:
      - Origin
      - X-Origin
      - Referer
      X-Content-Type-Options:
      - nosniff
      X-Frame-Options:
      - SAMEORIGIN
      X-XSS-Protection:
      - '0'
      content-length:
      - '381'
    status:
      code: 200
      message: OK
- request:
    body: null
    headers:
      accept:
      - application/json
      accept-encoding:
      - gzip, deflate
      content-length:
      - '0'
      user-agent:
      - (gzip)
      x-goog-api-client:
      - gdcl/2.175.0 gl-python/3.13.5 cred-type/u
    method: GET
    uri: https://www.googleapis.com/calendar/v3/calendars/primary/events/gdtkj13v2anies25k0vvlgkkgk?alt=json
  response:
    body:
      string: "{\n \"kind\": \"calendar#event\",\n \"etag\": \"\\\"3505153253267870\\\"\",\n
        \"id\": \"gdtkj13v2anies25k0vvlgkkgk\",\n \"status\": \"confirmed\",\n \"htmlLink\":
        \"https://www.google.com/calendar/event?eid=Z2R0a2oxM3YyYW5pZXMyNWswdnZsZ2trZ2sgd2lsbGlhbWphbWVzaGFuZGxleS5hcnhpdkBt\",\n
        \"created\": \"2025-07-15T10:50:26.000Z\",\n \"updated\": \"2025-07-15T10:50:26.633Z\",\n
        \"summary\": \"Summer Event\",\n \"description\": \"Event during daylight
        time\",\n \"creator\": {\n  \"email\": \"williamjameshandley.arxiv@gmail.com\",\n
        \ \"self\": true\n },\n \"organizer\": {\n  \"email\": \"williamjameshandley.arxiv@gmail.com\",\n
        \ \"self\": true\n },\n \"start\": {\n  \"dateTime\": \"2024-07-15T19:00:00+01:00\",\n
        \ \"timeZone\": \"Europe/London\"\n },\n \"end\": {\n  \"dateTime\": \"2024-07-15T20:00:00+01:00\",\n
        \ \"timeZone\": \"Europe/London\"\n },\n \"iCalUID\": \"gdtkj13v2anies25k0vvlgkkgk@google.com\",\n
        \"sequence\": 0,\n \"reminders\": {\n  \"useDefault\": true\n },\n \"eventType\":
        \"default\"\n}\n"
    headers:
      Alt-Svc:
      - h3=":443"; ma=2592000,h3-29=":443"; ma=2592000
      Cache-Control:
      - private, max-age=0, must-revalidate, no-transform
      Content-Type:
      - application/json; charset=UTF-8
      Date:
      - Tue, 15 Jul 2025 10:50:28 GMT
      ETag:
      - '"3505153253267870"'
      Expires:
      - Tue, 15 Jul 2025 10:50:28 GMT
      Server:
      - ESF
      Transfer-Encoding:
      - chunked
      Vary:
      - Origin
      - X-Origin
      - Referer
      X-Content-Type-Options:
      - nosniff
      X-Frame-Options:
      - SAMEORIGIN
      X-XSS-Protection:
      - '0'
      content-length:
      - '888'
      x-l2-request-path:
      - l2-managed-14
    status:
      code: 200
      message: OK
- request:
    body: null
    headers:
      accept:
      - '*/*'
      accept-encoding:
      - gzip, deflate
      content-length:
      - '0'
      user-agent:
      - (gzip)
      x-goog-api-client:
      - gdcl/2.175.0 gl-python/3.13.5 cred-type/u
    method: DELETE
    uri: https://www.googleapis.com/calendar/v3/calendars/primary/events/6vqc5f28q9jk0id2fpai79s0jk
  response:
    body:
      string: "{\n  \"error\": {\n    \"code\": 401,\n    \"message\": \"Request had
        invalid authentication credentials. Expected OAuth 2 access token, login cookie
        or other valid authentication credential. See https://developers.google.com/identity/sign-in/web/devconsole-project.\",\n
        \   \"errors\": [\n      {\n        \"message\": \"Invalid Credentials\",\n
        \       \"domain\": \"global\",\n        \"reason\": \"authError\",\n        \"location\":
        \"Authorization\",\n        \"locationType\": \"header\"\n      }\n    ],\n
        \   \"status\": \"UNAUTHENTICATED\"\n  }\n}\n"
    headers:
      Alt-Svc:
      - h3=":443"; ma=2592000,h3-29=":443"; ma=2592000
      Content-Type:
      - application/json; charset=UTF-8
      Date:
      - Tue, 15 Jul 2025 10:50:28 GMT
      Server:
      - ESF
      Transfer-Encoding:
      - chunked
      Vary:
      - Origin
      - X-Origin
      - Referer
      WWW-Authenticate:
      - Bearer realm="https://accounts.google.com/", error="invalid_token"
      X-Content-Type-Options:
      - nosniff
      X-Frame-Options:
      - SAMEORIGIN
      X-XSS-Protection:
      - '0'
      content-length:
      - '507'
      x-l2-request-path:
      - l2-managed-14
    status:
      code: 401
      message: Unauthorized
- request:
    body: grant_type=refresh_token&client_id=378887917503-cmthhlg1nnnr6hqvum1sgaggmqqbnse7.apps.googleusercontent.com&scope=https%3A%2F%2Fwww.googleapis.com%2Fauth%2Fcalendar
    headers:
      accept-encoding:
      - gzip, deflate
      content-type:
      - application/x-www-form-urlencoded
      user-agent:
      - Python-httplib2/0.22.0 (gzip)
      x-goog-api-client:
      - gl-python/3.13.5 auth/2.40.3 cred-type/u
    method: POST
    uri: https://oauth2.googleapis.com/token
  response:
    body:
      string: "{\n  \"access_token\": \"ya29.A0AS3H6NzRZfuC9VB4CRN__7GxP-PSiNljKRDKhdupTk4SPnT6Dm8kdd7oEH253YYG5eCq86sJBEVlScwXqh_dobsqz2T2rI9NgdCfahtIbZOaqaMMHnrjvfL_Mear0wXAYvd9P129XqBhQSi_I05o4fc8eLDSJkKo-6z_gu8YyhYBTlgpL92exTM4xRQ77rWw5dai2eDPaCgYKAQsSARYSFQHGX2MiklbyL2pMrik5a3pdFS0J-g0207\",\n
        \ \"expires_in\": 3599,\n  \"scope\": \"https://www.googleapis.com/auth/calendar\",\n
        \ \"token_type\": \"Bearer\"\n}"
    headers:
      Alt-Svc:
      - h3=":443"; ma=2592000,h3-29=":443"; ma=2592000
      Cache-Control:
      - no-cache, no-store, max-age=0, must-revalidate
      Content-Type:
      - application/json; charset=utf-8
      Date:
      - Tue, 15 Jul 2025 10:50:28 GMT
      Expires:
      - Mon, 01 Jan 1990 00:00:00 GMT
      Pragma:
      - no-cache
      Server:
      - scaffolding on HTTPServer2
      Transfer-Encoding:
      - chunked
      Vary:
      - Origin
      - X-Origin
      - Referer
      X-Content-Type-Options:
      - nosniff
      X-Frame-Options:
      - SAMEORIGIN
      X-XSS-Protection:
      - '0'
      content-length:
      - '381'
    status:
      code: 200
      message: OK
- request:
    body: null
    headers:
      accept:
      - '*/*'
      accept-encoding:
      - gzip, deflate
      content-length:
      - '0'
      user-agent:
      - (gzip)
      x-goog-api-client:
      - gdcl/2.175.0 gl-python/3.13.5 cred-type/u
    method: DELETE
    uri: https://www.googleapis.com/calendar/v3/calendars/primary/events/6vqc5f28q9jk0id2fpai79s0jk
  response:
    body:
      string: ''
    headers:
      Alt-Svc:
      - h3=":443"; ma=2592000,h3-29=":443"; ma=2592000
      Cache-Control:
      - no-cache, no-store, max-age=0, must-revalidate
      Content-Length:
      - '0'
      Content-Type:
      - text/html
      Date:
      - Tue, 15 Jul 2025 10:50:28 GMT
      Expires:
      - Mon, 01 Jan 1990 00:00:00 GMT
      Pragma:
      - no-cache
      Server:
      - ESF
      Vary:
      - Origin
      - X-Origin
      - Referer
      X-Content-Type-Options:
      - nosniff
      X-Frame-Options:
      - SAMEORIGIN
      X-XSS-Protection:
      - '0'
      x-l2-request-path:
      - l2-managed-14
    status:
      code: 204
      message: No Content
- request:
    body: null
    headers:
      accept:
      - '*/*'
      accept-encoding:
      - gzip, deflate
      content-length:
      - '0'
      user-agent:
      - (gzip)
      x-goog-api-client:
      - gdcl/2.175.0 gl-python/3.13.5 cred-type/u
    method: DELETE
    uri: https://www.googleapis.com/calendar/v3/calendars/primary/events/gdtkj13v2anies25k0vvlgkkgk
  response:
    body:
      string: "{\n  \"error\": {\n    \"code\": 401,\n    \"message\": \"Request had
        invalid authentication credentials. Expected OAuth 2 access token, login cookie
        or other valid authentication credential. See https://developers.google.com/identity/sign-in/web/devconsole-project.\",\n
        \   \"errors\": [\n      {\n        \"message\": \"Invalid Credentials\",\n
        \       \"domain\": \"global\",\n        \"reason\": \"authError\",\n        \"location\":
        \"Authorization\",\n        \"locationType\": \"header\"\n      }\n    ],\n
        \   \"status\": \"UNAUTHENTICATED\"\n  }\n}\n"
    headers:
      Alt-Svc:
      - h3=":443"; ma=2592000,h3-29=":443"; ma=2592000
      Content-Type:
      - application/json; charset=UTF-8
      Date:
      - Tue, 15 Jul 2025 10:50:29 GMT
      Server:
      - ESF
      Transfer-Encoding:
      - chunked
      Vary:
      - Origin
      - X-Origin
      - Referer
      WWW-Authenticate:
      - Bearer realm="https://accounts.google.com/", error="invalid_token"
      X-Content-Type-Options:
      - nosniff
      X-Frame-Options:
      - SAMEORIGIN
      X-XSS-Protection:
      - '0'
      content-length:
      - '507'
      x-l2-request-path:
      - l2-managed-14
    status:
      code: 401
      message: Unauthorized
- request:
    body: grant_type=refresh_token&client_id=378887917503-cmthhlg1nnnr6hqvum1sgaggmqqbnse7.apps.googleusercontent.com&scope=https%3A%2F%2Fwww.googleapis.com%2Fauth%2Fcalendar
    headers:
      accept-encoding:
      - gzip, deflate
      content-type:
      - application/x-www-form-urlencoded
      user-agent:
      - Python-httplib2/0.22.0 (gzip)
      x-goog-api-client:
      - gl-python/3.13.5 auth/2.40.3 cred-type/u
    method: POST
    uri: https://oauth2.googleapis.com/token
  response:
    body:
      string: "{\n  \"access_token\": \"ya29.A0AS3H6NxgNrmYBsRwLdR5v2B2mv5uhAkqk4f8EcygobStE24RBxDasz4k2l_FeURRb3dKJ_3QBr6gAYKS0qgWS9MoLIwl6NgmQdkyUgw_YU-0FwNKewOm11uwDslhBRnk1VRGRGuetfm6OV9PH89gBK88Sre4ndxF9kgJJCBZY1_aVWtzyrFFqhsu5XtwO5yVIwk2PoDHaCgYKAYkSARcSFQHGX2MiecGn1KQPx20rqsEPhGDzKg0207\",\n
        \ \"expires_in\": 3599,\n  \"scope\": \"https://www.googleapis.com/auth/calendar\",\n
        \ \"token_type\": \"Bearer\"\n}"
    headers:
      Alt-Svc:
      - h3=":443"; ma=2592000,h3-29=":443"; ma=2592000
      Cache-Control:
      - no-cache, no-store, max-age=0, must-revalidate
      Content-Type:
      - application/json; charset=utf-8
      Date:
      - Tue, 15 Jul 2025 10:50:29 GMT
      Expires:
      - Mon, 01 Jan 1990 00:00:00 GMT
      Pragma:
      - no-cache
      Server:
      - scaffolding on HTTPServer2
      Transfer-Encoding:
      - chunked
      Vary:
      - Origin
      - X-Origin
      - Referer
      X-Content-Type-Options:
      - nosniff
      X-Frame-Options:
      - SAMEORIGIN
      X-XSS-Protection:
      - '0'
      content-length:
      - '381'
    status:
      code: 200
      message: OK
- request:
    body: null
    headers:
      accept:
      - '*/*'
      accept-encoding:
      - gzip, deflate
      content-length:
      - '0'
      user-agent:
      - (gzip)
      x-goog-api-client:
      - gdcl/2.175.0 gl-python/3.13.5 cred-type/u
    method: DELETE
    uri: https://www.googleapis.com/calendar/v3/calendars/primary/events/gdtkj13v2anies25k0vvlgkkgk
  response:
    body:
      string: ''
    headers:
      Alt-Svc:
      - h3=":443"; ma=2592000,h3-29=":443"; ma=2592000
      Cache-Control:
      - no-cache, no-store, max-age=0, must-revalidate
      Content-Length:
      - '0'
      Content-Type:
      - text/html
      Date:
      - Tue, 15 Jul 2025 10:50:29 GMT
      Expires:
      - Mon, 01 Jan 1990 00:00:00 GMT
      Pragma:
      - no-cache
      Server:
      - ESF
      Vary:
      - Origin
      - X-Origin
      - Referer
      X-Content-Type-Options:
      - nosniff
      X-Frame-Options:
      - SAMEORIGIN
      X-XSS-Protection:
      - '0'
      x-l2-request-path:
      - l2-managed-14
    status:
      code: 204
      message: No Content
version: 1
