interactions:
- request:
    body: '{"summary": "VCR Test Event", "description": "Test event for VCR testing",
      "start": {"dateTime": "2025-06-28T14:00:00Z", "timeZone": "UTC"}, "end": {"dateTime":
      "2025-06-28T15:00:00Z", "timeZone": "UTC"}}'
    headers:
      accept:
      - application/json
      accept-encoding:
      - gzip, deflate
      content-length:
      - '204'
      content-type:
      - application/json
      x-goog-api-client:
      - gdcl/2.174.0 gl-python/3.13.3 cred-type/u
    method: POST
    uri: https://www.googleapis.com/calendar/v3/calendars/primary/events?alt=json
  response:
    body:
      string: "{\n \"kind\": \"calendar#event\",\n \"etag\": \"\\\"3502117517287774\\\"\",\n
        \"id\": \"vq87cshbo6c5n20993hsk9gs7g\",\n \"status\": \"confirmed\",\n \"htmlLink\":
        \"https://www.google.com/calendar/event?eid=dnE4N2NzaGJvNmM1bjIwOTkzaHNrOWdzN2cgd2lsbGlhbWphbWVzaGFuZGxleS5hcnhpdkBt\",\n
        \"created\": \"2025-06-27T21:12:38.000Z\",\n \"updated\": \"2025-06-27T21:12:38.643Z\",\n
        \"summary\": \"VCR Test Event\",\n \"description\": \"Test event for VCR testing\",\n
        \"creator\": {\n  \"email\": \"williamjameshandley.arxiv@gmail.com\",\n  \"self\":
        true\n },\n \"organizer\": {\n  \"email\": \"williamjameshandley.arxiv@gmail.com\",\n
        \ \"self\": true\n },\n \"start\": {\n  \"dateTime\": \"2025-06-28T15:00:00+01:00\",\n
        \ \"timeZone\": \"UTC\"\n },\n \"end\": {\n  \"dateTime\": \"2025-06-28T16:00:00+01:00\",\n
        \ \"timeZone\": \"UTC\"\n },\n \"iCalUID\": \"vq87cshbo6c5n20993hsk9gs7g@google.com\",\n
        \"sequence\": 0,\n \"reminders\": {\n  \"useDefault\": true\n },\n \"eventType\":
        \"default\"\n}\n"
    headers:
      Alt-Svc:
      - h3=":443"; ma=2592000,h3-29=":443"; ma=2592000
      Cache-Control:
      - no-cache, no-store, max-age=0, must-revalidate
      Content-Type:
      - application/json; charset=UTF-8
      Date:
      - Fri, 27 Jun 2025 21:12:38 GMT
      ETag:
      - '"3502117517287774"'
      Expires:
      - Mon, 01 Jan 1990 00:00:00 GMT
      Pragma:
      - no-cache
      Server:
      - ESF
      Transfer-Encoding:
      - chunked
      Vary:
      - Origin
      - X-Origin
      - Referer
      X-Content-Type-Options:
      - nosniff
      X-Frame-Options:
      - SAMEORIGIN
      X-XSS-Protection:
      - '0'
      content-length:
      - '870'
      x-l2-request-path:
      - l2-managed-14
    status:
      code: 200
      message: OK
- request:
    body: null
    headers:
      accept:
      - application/json
      accept-encoding:
      - gzip, deflate
      content-length:
      - '0'
      x-goog-api-client:
      - gdcl/2.174.0 gl-python/3.13.3 cred-type/u
    method: GET
    uri: https://www.googleapis.com/calendar/v3/calendars/primary/events/vq87cshbo6c5n20993hsk9gs7g?alt=json
  response:
    body:
      string: "{\n \"kind\": \"calendar#event\",\n \"etag\": \"\\\"3502117517287774\\\"\",\n
        \"id\": \"vq87cshbo6c5n20993hsk9gs7g\",\n \"status\": \"confirmed\",\n \"htmlLink\":
        \"https://www.google.com/calendar/event?eid=dnE4N2NzaGJvNmM1bjIwOTkzaHNrOWdzN2cgd2lsbGlhbWphbWVzaGFuZGxleS5hcnhpdkBt\",\n
        \"created\": \"2025-06-27T21:12:38.000Z\",\n \"updated\": \"2025-06-27T21:12:38.643Z\",\n
        \"summary\": \"VCR Test Event\",\n \"description\": \"Test event for VCR testing\",\n
        \"creator\": {\n  \"email\": \"williamjameshandley.arxiv@gmail.com\",\n  \"self\":
        true\n },\n \"organizer\": {\n  \"email\": \"williamjameshandley.arxiv@gmail.com\",\n
        \ \"self\": true\n },\n \"start\": {\n  \"dateTime\": \"2025-06-28T15:00:00+01:00\",\n
        \ \"timeZone\": \"UTC\"\n },\n \"end\": {\n  \"dateTime\": \"2025-06-28T16:00:00+01:00\",\n
        \ \"timeZone\": \"UTC\"\n },\n \"iCalUID\": \"vq87cshbo6c5n20993hsk9gs7g@google.com\",\n
        \"sequence\": 0,\n \"reminders\": {\n  \"useDefault\": true\n },\n \"eventType\":
        \"default\"\n}\n"
    headers:
      Alt-Svc:
      - h3=":443"; ma=2592000,h3-29=":443"; ma=2592000
      Cache-Control:
      - private, max-age=0, must-revalidate, no-transform
      Content-Type:
      - application/json; charset=UTF-8
      Date:
      - Fri, 27 Jun 2025 21:12:38 GMT
      ETag:
      - '"3502117517287774"'
      Expires:
      - Fri, 27 Jun 2025 21:12:38 GMT
      Server:
      - ESF
      Transfer-Encoding:
      - chunked
      Vary:
      - Origin
      - X-Origin
      - Referer
      X-Content-Type-Options:
      - nosniff
      X-Frame-Options:
      - SAMEORIGIN
      X-XSS-Protection:
      - '0'
      content-length:
      - '870'
      x-l2-request-path:
      - l2-managed-14
    status:
      code: 200
      message: OK
- request:
    body: null
    headers:
      accept:
      - application/json
      accept-encoding:
      - gzip, deflate
      content-length:
      - '0'
      x-goog-api-client:
      - gdcl/2.174.0 gl-python/3.13.3 cred-type/u
    method: GET
    uri: https://www.googleapis.com/calendar/v3/calendars/primary/events/vq87cshbo6c5n20993hsk9gs7g?alt=json
  response:
    body:
      string: "{\n \"kind\": \"calendar#event\",\n \"etag\": \"\\\"3502117517287774\\\"\",\n
        \"id\": \"vq87cshbo6c5n20993hsk9gs7g\",\n \"status\": \"confirmed\",\n \"htmlLink\":
        \"https://www.google.com/calendar/event?eid=dnE4N2NzaGJvNmM1bjIwOTkzaHNrOWdzN2cgd2lsbGlhbWphbWVzaGFuZGxleS5hcnhpdkBt\",\n
        \"created\": \"2025-06-27T21:12:38.000Z\",\n \"updated\": \"2025-06-27T21:12:38.643Z\",\n
        \"summary\": \"VCR Test Event\",\n \"description\": \"Test event for VCR testing\",\n
        \"creator\": {\n  \"email\": \"williamjameshandley.arxiv@gmail.com\",\n  \"self\":
        true\n },\n \"organizer\": {\n  \"email\": \"williamjameshandley.arxiv@gmail.com\",\n
        \ \"self\": true\n },\n \"start\": {\n  \"dateTime\": \"2025-06-28T15:00:00+01:00\",\n
        \ \"timeZone\": \"UTC\"\n },\n \"end\": {\n  \"dateTime\": \"2025-06-28T16:00:00+01:00\",\n
        \ \"timeZone\": \"UTC\"\n },\n \"iCalUID\": \"vq87cshbo6c5n20993hsk9gs7g@google.com\",\n
        \"sequence\": 0,\n \"reminders\": {\n  \"useDefault\": true\n },\n \"eventType\":
        \"default\"\n}\n"
    headers:
      Alt-Svc:
      - h3=":443"; ma=2592000,h3-29=":443"; ma=2592000
      Cache-Control:
      - private, max-age=0, must-revalidate, no-transform
      Content-Type:
      - application/json; charset=UTF-8
      Date:
      - Fri, 27 Jun 2025 21:12:39 GMT
      ETag:
      - '"3502117517287774"'
      Expires:
      - Fri, 27 Jun 2025 21:12:39 GMT
      Server:
      - ESF
      Transfer-Encoding:
      - chunked
      Vary:
      - Origin
      - X-Origin
      - Referer
      X-Content-Type-Options:
      - nosniff
      X-Frame-Options:
      - SAMEORIGIN
      X-XSS-Protection:
      - '0'
      content-length:
      - '870'
      x-l2-request-path:
      - l2-managed-14
    status:
      code: 200
      message: OK
- request:
    body: '{"kind": "calendar#event", "etag": "\"3502117517287774\"", "id": "vq87cshbo6c5n20993hsk9gs7g",
      "status": "confirmed", "htmlLink": "https://www.google.com/calendar/event?eid=dnE4N2NzaGJvNmM1bjIwOTkzaHNrOWdzN2cgd2lsbGlhbWphbWVzaGFuZGxleS5hcnhpdkBt",
      "created": "2025-06-27T21:12:38.000Z", "updated": "2025-06-27T21:12:38.643Z",
      "summary": "VCR Test Event", "description": "Updated description for VCR test",
      "creator": {"email": "williamjameshandley.arxiv@gmail.com", "self": true}, "organizer":
      {"email": "williamjameshandley.arxiv@gmail.com", "self": true}, "start": {"dateTime":
      "2025-06-28T15:00:00+01:00", "timeZone": "UTC"}, "end": {"dateTime": "2025-06-28T16:00:00+01:00",
      "timeZone": "UTC"}, "iCalUID": "vq87cshbo6c5n20993hsk9gs7g@google.com", "sequence":
      0, "reminders": {"useDefault": true}, "eventType": "default"}'
    headers:
      accept:
      - application/json
      accept-encoding:
      - gzip, deflate
      content-length:
      - '823'
      content-type:
      - application/json
      x-goog-api-client:
      - gdcl/2.174.0 gl-python/3.13.3 cred-type/u
    method: PUT
    uri: https://www.googleapis.com/calendar/v3/calendars/primary/events/vq87cshbo6c5n20993hsk9gs7g?alt=json
  response:
    body:
      string: "{\n \"kind\": \"calendar#event\",\n \"etag\": \"\\\"3502117519447518\\\"\",\n
        \"id\": \"vq87cshbo6c5n20993hsk9gs7g\",\n \"status\": \"confirmed\",\n \"htmlLink\":
        \"https://www.google.com/calendar/event?eid=dnE4N2NzaGJvNmM1bjIwOTkzaHNrOWdzN2cgd2lsbGlhbWphbWVzaGFuZGxleS5hcnhpdkBt\",\n
        \"created\": \"2025-06-27T21:12:38.000Z\",\n \"updated\": \"2025-06-27T21:12:39.723Z\",\n
        \"summary\": \"VCR Test Event\",\n \"description\": \"Updated description
        for VCR test\",\n \"creator\": {\n  \"email\": \"williamjameshandley.arxiv@gmail.com\",\n
        \ \"self\": true\n },\n \"organizer\": {\n  \"email\": \"williamjameshandley.arxiv@gmail.com\",\n
        \ \"self\": true\n },\n \"start\": {\n  \"dateTime\": \"2025-06-28T15:00:00+01:00\",\n
        \ \"timeZone\": \"UTC\"\n },\n \"end\": {\n  \"dateTime\": \"2025-06-28T16:00:00+01:00\",\n
        \ \"timeZone\": \"UTC\"\n },\n \"iCalUID\": \"vq87cshbo6c5n20993hsk9gs7g@google.com\",\n
        \"sequence\": 0,\n \"reminders\": {\n  \"useDefault\": true\n },\n \"eventType\":
        \"default\"\n}\n"
    headers:
      Alt-Svc:
      - h3=":443"; ma=2592000,h3-29=":443"; ma=2592000
      Cache-Control:
      - no-cache, no-store, max-age=0, must-revalidate
      Content-Type:
      - application/json; charset=UTF-8
      Date:
      - Fri, 27 Jun 2025 21:12:39 GMT
      ETag:
      - '"3502117519447518"'
      Expires:
      - Mon, 01 Jan 1990 00:00:00 GMT
      Pragma:
      - no-cache
      Server:
      - ESF
      Transfer-Encoding:
      - chunked
      Vary:
      - Origin
      - X-Origin
      - Referer
      X-Content-Type-Options:
      - nosniff
      X-Frame-Options:
      - SAMEORIGIN
      X-XSS-Protection:
      - '0'
      content-length:
      - '876'
      x-l2-request-path:
      - l2-managed-14
    status:
      code: 200
      message: OK
- request:
    body: null
    headers:
      accept:
      - application/json
      accept-encoding:
      - gzip, deflate
      content-length:
      - '0'
      x-goog-api-client:
      - gdcl/2.174.0 gl-python/3.13.3 cred-type/u
    method: GET
    uri: https://www.googleapis.com/calendar/v3/calendars/primary/events/vq87cshbo6c5n20993hsk9gs7g?alt=json
  response:
    body:
      string: "{\n \"kind\": \"calendar#event\",\n \"etag\": \"\\\"3502117519447518\\\"\",\n
        \"id\": \"vq87cshbo6c5n20993hsk9gs7g\",\n \"status\": \"confirmed\",\n \"htmlLink\":
        \"https://www.google.com/calendar/event?eid=dnE4N2NzaGJvNmM1bjIwOTkzaHNrOWdzN2cgd2lsbGlhbWphbWVzaGFuZGxleS5hcnhpdkBt\",\n
        \"created\": \"2025-06-27T21:12:38.000Z\",\n \"updated\": \"2025-06-27T21:12:39.723Z\",\n
        \"summary\": \"VCR Test Event\",\n \"description\": \"Updated description
        for VCR test\",\n \"creator\": {\n  \"email\": \"williamjameshandley.arxiv@gmail.com\",\n
        \ \"self\": true\n },\n \"organizer\": {\n  \"email\": \"williamjameshandley.arxiv@gmail.com\",\n
        \ \"self\": true\n },\n \"start\": {\n  \"dateTime\": \"2025-06-28T15:00:00+01:00\",\n
        \ \"timeZone\": \"UTC\"\n },\n \"end\": {\n  \"dateTime\": \"2025-06-28T16:00:00+01:00\",\n
        \ \"timeZone\": \"UTC\"\n },\n \"iCalUID\": \"vq87cshbo6c5n20993hsk9gs7g@google.com\",\n
        \"sequence\": 0,\n \"reminders\": {\n  \"useDefault\": true\n },\n \"eventType\":
        \"default\"\n}\n"
    headers:
      Alt-Svc:
      - h3=":443"; ma=2592000,h3-29=":443"; ma=2592000
      Cache-Control:
      - private, max-age=0, must-revalidate, no-transform
      Content-Type:
      - application/json; charset=UTF-8
      Date:
      - Fri, 27 Jun 2025 21:12:40 GMT
      ETag:
      - '"3502117519447518"'
      Expires:
      - Fri, 27 Jun 2025 21:12:40 GMT
      Server:
      - ESF
      Transfer-Encoding:
      - chunked
      Vary:
      - Origin
      - X-Origin
      - Referer
      X-Content-Type-Options:
      - nosniff
      X-Frame-Options:
      - SAMEORIGIN
      X-XSS-Protection:
      - '0'
      content-length:
      - '876'
      x-l2-request-path:
      - l2-managed-14
    status:
      code: 200
      message: OK
- request:
    body: null
    headers:
      accept:
      - '*/*'
      accept-encoding:
      - gzip, deflate
      content-length:
      - '0'
      x-goog-api-client:
      - gdcl/2.174.0 gl-python/3.13.3 cred-type/u
    method: DELETE
    uri: https://www.googleapis.com/calendar/v3/calendars/primary/events/vq87cshbo6c5n20993hsk9gs7g
  response:
    body:
      string: ''
    headers:
      Alt-Svc:
      - h3=":443"; ma=2592000,h3-29=":443"; ma=2592000
      Cache-Control:
      - no-cache, no-store, max-age=0, must-revalidate
      Content-Length:
      - '0'
      Content-Type:
      - text/html
      Date:
      - Fri, 27 Jun 2025 21:12:40 GMT
      Expires:
      - Mon, 01 Jan 1990 00:00:00 GMT
      Pragma:
      - no-cache
      Server:
      - ESF
      Vary:
      - Origin
      - X-Origin
      - Referer
      X-Content-Type-Options:
      - nosniff
      X-Frame-Options:
      - SAMEORIGIN
      X-XSS-Protection:
      - '0'
      x-l2-request-path:
      - l2-managed-14
    status:
      code: 204
      message: No Content
version: 1
