interactions:
- request:
    body: null
    headers:
      accept:
      - application/json
      accept-encoding:
      - gzip, deflate
      content-length:
      - '0'
      user-agent:
      - (gzip)
      x-goog-api-client:
      - gdcl/2.175.0 gl-python/3.13.5 cred-type/u
    method: GET
    uri: https://www.googleapis.com/calendar/v3/calendars/primary?alt=json
  response:
    body:
      string: "{\n  \"error\": {\n    \"code\": 401,\n    \"message\": \"Request had
        invalid authentication credentials. Expected OAuth 2 access token, login cookie
        or other valid authentication credential. See https://developers.google.com/identity/sign-in/web/devconsole-project.\",\n
        \   \"errors\": [\n      {\n        \"message\": \"Invalid Credentials\",\n
        \       \"domain\": \"global\",\n        \"reason\": \"authError\",\n        \"location\":
        \"Authorization\",\n        \"locationType\": \"header\"\n      }\n    ],\n
        \   \"status\": \"UNAUTHENTICATED\"\n  }\n}\n"
    headers:
      Alt-Svc:
      - h3=":443"; ma=2592000,h3-29=":443"; ma=2592000
      Content-Type:
      - application/json; charset=UTF-8
      Date:
      - Tue, 15 Jul 2025 10:50:14 GMT
      Server:
      - ESF
      Transfer-Encoding:
      - chunked
      Vary:
      - Origin
      - X-Origin
      - Referer
      WWW-Authenticate:
      - Bearer realm="https://accounts.google.com/", error="invalid_token"
      X-Content-Type-Options:
      - nosniff
      X-Frame-Options:
      - SAMEORIGIN
      X-XSS-Protection:
      - '0'
      content-length:
      - '507'
      x-l2-request-path:
      - l2-managed-14
    status:
      code: 401
      message: Unauthorized
- request:
    body: grant_type=refresh_token&client_id=378887917503-cmthhlg1nnnr6hqvum1sgaggmqqbnse7.apps.googleusercontent.com&scope=https%3A%2F%2Fwww.googleapis.com%2Fauth%2Fcalendar
    headers:
      accept-encoding:
      - gzip, deflate
      content-type:
      - application/x-www-form-urlencoded
      user-agent:
      - Python-httplib2/0.22.0 (gzip)
      x-goog-api-client:
      - gl-python/3.13.5 auth/2.40.3 cred-type/u
    method: POST
    uri: https://oauth2.googleapis.com/token
  response:
    body:
      string: "{\n  \"access_token\": \"ya29.A0AS3H6Ny4yYXmONcueJD-zy5uAlL7v-s_MGDnTRLHYoj94uuHuOLp4YEFZmNb8-lPFSsbALWzlr8NwEdQCkZY7Rjz5FomuMr1Eev7-AZ5re3BkHR0jmhfyGpWDDvmQSAl8si16NxOyeRtFV61-J79IS5v31VvCrNal-iqkruXrzpF7GN7I-AofDCKEDezNDBRhuYJADyUaCgYKAUMSARcSFQHGX2MiBZaR_-XfdGqNxhxhYBT5mw0207\",\n
        \ \"expires_in\": 3599,\n  \"scope\": \"https://www.googleapis.com/auth/calendar\",\n
        \ \"token_type\": \"Bearer\"\n}"
    headers:
      Alt-Svc:
      - h3=":443"; ma=2592000,h3-29=":443"; ma=2592000
      Cache-Control:
      - no-cache, no-store, max-age=0, must-revalidate
      Content-Type:
      - application/json; charset=utf-8
      Date:
      - Tue, 15 Jul 2025 10:50:14 GMT
      Expires:
      - Mon, 01 Jan 1990 00:00:00 GMT
      Pragma:
      - no-cache
      Server:
      - scaffolding on HTTPServer2
      Transfer-Encoding:
      - chunked
      Vary:
      - Origin
      - X-Origin
      - Referer
      X-Content-Type-Options:
      - nosniff
      X-Frame-Options:
      - SAMEORIGIN
      X-XSS-Protection:
      - '0'
      content-length:
      - '381'
    status:
      code: 200
      message: OK
- request:
    body: null
    headers:
      accept:
      - application/json
      accept-encoding:
      - gzip, deflate
      content-length:
      - '0'
      user-agent:
      - (gzip)
      x-goog-api-client:
      - gdcl/2.175.0 gl-python/3.13.5 cred-type/u
    method: GET
    uri: https://www.googleapis.com/calendar/v3/calendars/primary?alt=json
  response:
    body:
      string: "{\n \"kind\": \"calendar#calendar\",\n \"etag\": \"\\\"yBYytaCkItN-Z7wk25cvBHCrK3k\\\"\",\n
        \"id\": \"williamjameshandley.arxiv@gmail.com\",\n \"summary\": \"williamjameshandley.arxiv@gmail.com\",\n
        \"timeZone\": \"Europe/London\",\n \"conferenceProperties\": {\n  \"allowedConferenceSolutionTypes\":
        [\n   \"hangoutsMeet\"\n  ]\n }\n}\n"
    headers:
      Alt-Svc:
      - h3=":443"; ma=2592000,h3-29=":443"; ma=2592000
      Cache-Control:
      - private, max-age=0, must-revalidate, no-transform
      Content-Type:
      - application/json; charset=UTF-8
      Date:
      - Tue, 15 Jul 2025 10:50:15 GMT
      ETag:
      - '"yBYytaCkItN-Z7wk25cvBHCrK3k"'
      Expires:
      - Tue, 15 Jul 2025 10:50:15 GMT
      Server:
      - ESF
      Transfer-Encoding:
      - chunked
      Vary:
      - Origin
      - X-Origin
      - Referer
      X-Content-Type-Options:
      - nosniff
      X-Frame-Options:
      - SAMEORIGIN
      X-XSS-Protection:
      - '0'
      content-length:
      - '295'
      x-l2-request-path:
      - l2-managed-14
    status:
      code: 200
      message: OK
- request:
    body: '{"summary": "Global Team Sync", "description": "Originally scheduled for
      PST", "location": "Online", "start": {"dateTime": "2025-07-16T19:00:00", "timeZone":
      "Europe/London"}, "end": {"dateTime": "2025-07-16T20:00:00", "timeZone": "Europe/London"}}'
    headers:
      accept:
      - application/json
      accept-encoding:
      - gzip, deflate
      content-length:
      - '248'
      content-type:
      - application/json
      user-agent:
      - (gzip)
      x-goog-api-client:
      - gdcl/2.175.0 gl-python/3.13.5 cred-type/u
    method: POST
    uri: https://www.googleapis.com/calendar/v3/calendars/primary/events?alt=json
  response:
    body:
      string: "{\n \"kind\": \"calendar#event\",\n \"etag\": \"\\\"3505153231416862\\\"\",\n
        \"id\": \"hsesvdes5a9c5nnkgt0f9f0lm8\",\n \"status\": \"confirmed\",\n \"htmlLink\":
        \"https://www.google.com/calendar/event?eid=aHNlc3ZkZXM1YTljNW5ua2d0MGY5ZjBsbTggd2lsbGlhbWphbWVzaGFuZGxleS5hcnhpdkBt\",\n
        \"created\": \"2025-07-15T10:50:15.000Z\",\n \"updated\": \"2025-07-15T10:50:15.708Z\",\n
        \"summary\": \"Global Team Sync\",\n \"description\": \"Originally scheduled
        for PST\",\n \"location\": \"Online\",\n \"creator\": {\n  \"email\": \"williamjameshandley.arxiv@gmail.com\",\n
        \ \"self\": true\n },\n \"organizer\": {\n  \"email\": \"williamjameshandley.arxiv@gmail.com\",\n
        \ \"self\": true\n },\n \"start\": {\n  \"dateTime\": \"2025-07-16T19:00:00+01:00\",\n
        \ \"timeZone\": \"Europe/London\"\n },\n \"end\": {\n  \"dateTime\": \"2025-07-16T20:00:00+01:00\",\n
        \ \"timeZone\": \"Europe/London\"\n },\n \"iCalUID\": \"hsesvdes5a9c5nnkgt0f9f0lm8@google.com\",\n
        \"sequence\": 0,\n \"reminders\": {\n  \"useDefault\": true\n },\n \"eventType\":
        \"default\"\n}\n"
    headers:
      Alt-Svc:
      - h3=":443"; ma=2592000,h3-29=":443"; ma=2592000
      Cache-Control:
      - no-cache, no-store, max-age=0, must-revalidate
      Content-Type:
      - application/json; charset=UTF-8
      Date:
      - Tue, 15 Jul 2025 10:50:15 GMT
      ETag:
      - '"3505153231416862"'
      Expires:
      - Mon, 01 Jan 1990 00:00:00 GMT
      Pragma:
      - no-cache
      Server:
      - ESF
      Transfer-Encoding:
      - chunked
      Vary:
      - Origin
      - X-Origin
      - Referer
      X-Content-Type-Options:
      - nosniff
      X-Frame-Options:
      - SAMEORIGIN
      X-XSS-Protection:
      - '0'
      content-length:
      - '917'
      x-l2-request-path:
      - l2-managed-14
    status:
      code: 200
      message: OK
- request:
    body: null
    headers:
      accept:
      - application/json
      accept-encoding:
      - gzip, deflate
      content-length:
      - '0'
      user-agent:
      - (gzip)
      x-goog-api-client:
      - gdcl/2.175.0 gl-python/3.13.5 cred-type/u
    method: GET
    uri: https://www.googleapis.com/calendar/v3/calendars/primary/events/hsesvdes5a9c5nnkgt0f9f0lm8?alt=json
  response:
    body:
      string: "{\n  \"error\": {\n    \"code\": 401,\n    \"message\": \"Request had
        invalid authentication credentials. Expected OAuth 2 access token, login cookie
        or other valid authentication credential. See https://developers.google.com/identity/sign-in/web/devconsole-project.\",\n
        \   \"errors\": [\n      {\n        \"message\": \"Invalid Credentials\",\n
        \       \"domain\": \"global\",\n        \"reason\": \"authError\",\n        \"location\":
        \"Authorization\",\n        \"locationType\": \"header\"\n      }\n    ],\n
        \   \"status\": \"UNAUTHENTICATED\"\n  }\n}\n"
    headers:
      Alt-Svc:
      - h3=":443"; ma=2592000,h3-29=":443"; ma=2592000
      Content-Type:
      - application/json; charset=UTF-8
      Date:
      - Tue, 15 Jul 2025 10:50:16 GMT
      Server:
      - ESF
      Transfer-Encoding:
      - chunked
      Vary:
      - Origin
      - X-Origin
      - Referer
      WWW-Authenticate:
      - Bearer realm="https://accounts.google.com/", error="invalid_token"
      X-Content-Type-Options:
      - nosniff
      X-Frame-Options:
      - SAMEORIGIN
      X-XSS-Protection:
      - '0'
      content-length:
      - '507'
      x-l2-request-path:
      - l2-managed-14
    status:
      code: 401
      message: Unauthorized
- request:
    body: grant_type=refresh_token&client_id=378887917503-cmthhlg1nnnr6hqvum1sgaggmqqbnse7.apps.googleusercontent.com&scope=https%3A%2F%2Fwww.googleapis.com%2Fauth%2Fcalendar
    headers:
      accept-encoding:
      - gzip, deflate
      content-type:
      - application/x-www-form-urlencoded
      user-agent:
      - Python-httplib2/0.22.0 (gzip)
      x-goog-api-client:
      - gl-python/3.13.5 auth/2.40.3 cred-type/u
    method: POST
    uri: https://oauth2.googleapis.com/token
  response:
    body:
      string: "{\n  \"access_token\": \"ya29.A0AS3H6NwYV68MaEOI7j2isxJ5FVyJnWBIOT7Emk_RoALV-KV9aqRVdMP_QPB_rCexKk20cJ2PIv8_EEK_JQtBruq23HMewS6-VCrVeOxgEnKeOpj4AJf7q8qRarYpyPzcFTsf__8swGLxP2K_ydfsOZOlyHKYnN7-8btNxmpoEuVaIqClCQW9P_uqA37I35hnfke1VHqwaCgYKAVoSARESFQHGX2MieQWW2wFqX7VjtxzKQxbVwQ0207\",\n
        \ \"expires_in\": 3599,\n  \"scope\": \"https://www.googleapis.com/auth/calendar\",\n
        \ \"token_type\": \"Bearer\"\n}"
    headers:
      Alt-Svc:
      - h3=":443"; ma=2592000,h3-29=":443"; ma=2592000
      Cache-Control:
      - no-cache, no-store, max-age=0, must-revalidate
      Content-Type:
      - application/json; charset=utf-8
      Date:
      - Tue, 15 Jul 2025 10:50:16 GMT
      Expires:
      - Mon, 01 Jan 1990 00:00:00 GMT
      Pragma:
      - no-cache
      Server:
      - scaffolding on HTTPServer2
      Transfer-Encoding:
      - chunked
      Vary:
      - Origin
      - X-Origin
      - Referer
      X-Content-Type-Options:
      - nosniff
      X-Frame-Options:
      - SAMEORIGIN
      X-XSS-Protection:
      - '0'
      content-length:
      - '381'
    status:
      code: 200
      message: OK
- request:
    body: null
    headers:
      accept:
      - application/json
      accept-encoding:
      - gzip, deflate
      content-length:
      - '0'
      user-agent:
      - (gzip)
      x-goog-api-client:
      - gdcl/2.175.0 gl-python/3.13.5 cred-type/u
    method: GET
    uri: https://www.googleapis.com/calendar/v3/calendars/primary/events/hsesvdes5a9c5nnkgt0f9f0lm8?alt=json
  response:
    body:
      string: "{\n \"kind\": \"calendar#event\",\n \"etag\": \"\\\"3505153231416862\\\"\",\n
        \"id\": \"hsesvdes5a9c5nnkgt0f9f0lm8\",\n \"status\": \"confirmed\",\n \"htmlLink\":
        \"https://www.google.com/calendar/event?eid=aHNlc3ZkZXM1YTljNW5ua2d0MGY5ZjBsbTggd2lsbGlhbWphbWVzaGFuZGxleS5hcnhpdkBt\",\n
        \"created\": \"2025-07-15T10:50:15.000Z\",\n \"updated\": \"2025-07-15T10:50:15.708Z\",\n
        \"summary\": \"Global Team Sync\",\n \"description\": \"Originally scheduled
        for PST\",\n \"location\": \"Online\",\n \"creator\": {\n  \"email\": \"williamjameshandley.arxiv@gmail.com\",\n
        \ \"self\": true\n },\n \"organizer\": {\n  \"email\": \"williamjameshandley.arxiv@gmail.com\",\n
        \ \"self\": true\n },\n \"start\": {\n  \"dateTime\": \"2025-07-16T19:00:00+01:00\",\n
        \ \"timeZone\": \"Europe/London\"\n },\n \"end\": {\n  \"dateTime\": \"2025-07-16T20:00:00+01:00\",\n
        \ \"timeZone\": \"Europe/London\"\n },\n \"iCalUID\": \"hsesvdes5a9c5nnkgt0f9f0lm8@google.com\",\n
        \"sequence\": 0,\n \"reminders\": {\n  \"useDefault\": true\n },\n \"eventType\":
        \"default\"\n}\n"
    headers:
      Alt-Svc:
      - h3=":443"; ma=2592000,h3-29=":443"; ma=2592000
      Cache-Control:
      - private, max-age=0, must-revalidate, no-transform
      Content-Type:
      - application/json; charset=UTF-8
      Date:
      - Tue, 15 Jul 2025 10:50:16 GMT
      ETag:
      - '"3505153231416862"'
      Expires:
      - Tue, 15 Jul 2025 10:50:16 GMT
      Server:
      - ESF
      Transfer-Encoding:
      - chunked
      Vary:
      - Origin
      - X-Origin
      - Referer
      X-Content-Type-Options:
      - nosniff
      X-Frame-Options:
      - SAMEORIGIN
      X-XSS-Protection:
      - '0'
      content-length:
      - '917'
      x-l2-request-path:
      - l2-managed-14
    status:
      code: 200
      message: OK
- request:
    body: '{"description": "Rescheduled to better time for European team", "location":
      "", "start": {"dateTime": "2025-07-16T16:00:00", "timeZone": "Europe/London"},
      "end": {"dateTime": "2025-07-16T17:00:00", "timeZone": "Europe/London"}}'
    headers:
      accept:
      - application/json
      accept-encoding:
      - gzip, deflate
      content-length:
      - '227'
      content-type:
      - application/json
      user-agent:
      - (gzip)
      x-goog-api-client:
      - gdcl/2.175.0 gl-python/3.13.5 cred-type/u
    method: PATCH
    uri: https://www.googleapis.com/calendar/v3/calendars/primary/events/hsesvdes5a9c5nnkgt0f9f0lm8?alt=json
  response:
    body:
      string: "{\n \"kind\": \"calendar#event\",\n \"etag\": \"\\\"3505153234267742\\\"\",\n
        \"id\": \"hsesvdes5a9c5nnkgt0f9f0lm8\",\n \"status\": \"confirmed\",\n \"htmlLink\":
        \"https://www.google.com/calendar/event?eid=aHNlc3ZkZXM1YTljNW5ua2d0MGY5ZjBsbTggd2lsbGlhbWphbWVzaGFuZGxleS5hcnhpdkBt\",\n
        \"created\": \"2025-07-15T10:50:15.000Z\",\n \"updated\": \"2025-07-15T10:50:17.133Z\",\n
        \"summary\": \"Global Team Sync\",\n \"description\": \"Rescheduled to better
        time for European team\",\n \"creator\": {\n  \"email\": \"williamjameshandley.arxiv@gmail.com\",\n
        \ \"self\": true\n },\n \"organizer\": {\n  \"email\": \"williamjameshandley.arxiv@gmail.com\",\n
        \ \"self\": true\n },\n \"start\": {\n  \"dateTime\": \"2025-07-16T16:00:00+01:00\",\n
        \ \"timeZone\": \"Europe/London\"\n },\n \"end\": {\n  \"dateTime\": \"2025-07-16T17:00:00+01:00\",\n
        \ \"timeZone\": \"Europe/London\"\n },\n \"iCalUID\": \"hsesvdes5a9c5nnkgt0f9f0lm8@google.com\",\n
        \"sequence\": 1,\n \"reminders\": {\n  \"useDefault\": true\n },\n \"eventType\":
        \"default\"\n}\n"
    headers:
      Alt-Svc:
      - h3=":443"; ma=2592000,h3-29=":443"; ma=2592000
      Cache-Control:
      - no-cache, no-store, max-age=0, must-revalidate
      Content-Type:
      - application/json; charset=UTF-8
      Date:
      - Tue, 15 Jul 2025 10:50:17 GMT
      ETag:
      - '"3505153234267742"'
      Expires:
      - Mon, 01 Jan 1990 00:00:00 GMT
      Pragma:
      - no-cache
      Server:
      - ESF
      Transfer-Encoding:
      - chunked
      Vary:
      - Origin,X-Origin,Referer
      X-Content-Type-Options:
      - nosniff
      X-Frame-Options:
      - SAMEORIGIN
      X-XSS-Protection:
      - '0'
      content-length:
      - '910'
      x-l2-request-path:
      - l2-managed-14
    status:
      code: 200
      message: OK
- request:
    body: null
    headers:
      accept:
      - application/json
      accept-encoding:
      - gzip, deflate
      content-length:
      - '0'
      user-agent:
      - (gzip)
      x-goog-api-client:
      - gdcl/2.175.0 gl-python/3.13.5 cred-type/u
    method: GET
    uri: https://www.googleapis.com/calendar/v3/calendars/primary/events/hsesvdes5a9c5nnkgt0f9f0lm8?alt=json
  response:
    body:
      string: "{\n  \"error\": {\n    \"code\": 401,\n    \"message\": \"Request had
        invalid authentication credentials. Expected OAuth 2 access token, login cookie
        or other valid authentication credential. See https://developers.google.com/identity/sign-in/web/devconsole-project.\",\n
        \   \"errors\": [\n      {\n        \"message\": \"Invalid Credentials\",\n
        \       \"domain\": \"global\",\n        \"reason\": \"authError\",\n        \"location\":
        \"Authorization\",\n        \"locationType\": \"header\"\n      }\n    ],\n
        \   \"status\": \"UNAUTHENTICATED\"\n  }\n}\n"
    headers:
      Alt-Svc:
      - h3=":443"; ma=2592000,h3-29=":443"; ma=2592000
      Content-Type:
      - application/json; charset=UTF-8
      Date:
      - Tue, 15 Jul 2025 10:50:17 GMT
      Server:
      - ESF
      Transfer-Encoding:
      - chunked
      Vary:
      - Origin
      - X-Origin
      - Referer
      WWW-Authenticate:
      - Bearer realm="https://accounts.google.com/", error="invalid_token"
      X-Content-Type-Options:
      - nosniff
      X-Frame-Options:
      - SAMEORIGIN
      X-XSS-Protection:
      - '0'
      content-length:
      - '507'
      x-l2-request-path:
      - l2-managed-14
    status:
      code: 401
      message: Unauthorized
- request:
    body: grant_type=refresh_token&client_id=378887917503-cmthhlg1nnnr6hqvum1sgaggmqqbnse7.apps.googleusercontent.com&scope=https%3A%2F%2Fwww.googleapis.com%2Fauth%2Fcalendar
    headers:
      accept-encoding:
      - gzip, deflate
      content-type:
      - application/x-www-form-urlencoded
      user-agent:
      - Python-httplib2/0.22.0 (gzip)
      x-goog-api-client:
      - gl-python/3.13.5 auth/2.40.3 cred-type/u
    method: POST
    uri: https://oauth2.googleapis.com/token
  response:
    body:
      string: "{\n  \"access_token\": \"ya29.A0AS3H6Nz4F5vv8VuAD1lyn1BgSeNn9H9Mcn_TL6Qh6OSppXrPIXeMn94yeqn4yLn7UGQ4ip6-Vk6TjeWzLGNTFDoQJYAyvHVijOqgeulVU0efkuA7CeyQsy3cA7zoLn9VKsNUZSXQL1P1L_5VFHUCMZ5h9ZJdwJNbZLwFXsOJ6tJlFIceC7xHrWNLZyD1U7Ioj5J49wYcaCgYKAfISARYSFQHGX2MiZcGlUEdsaxQRyLOlTbL_hg0207\",\n
        \ \"expires_in\": 3599,\n  \"scope\": \"https://www.googleapis.com/auth/calendar\",\n
        \ \"token_type\": \"Bearer\"\n}"
    headers:
      Alt-Svc:
      - h3=":443"; ma=2592000,h3-29=":443"; ma=2592000
      Cache-Control:
      - no-cache, no-store, max-age=0, must-revalidate
      Content-Type:
      - application/json; charset=utf-8
      Date:
      - Tue, 15 Jul 2025 10:50:17 GMT
      Expires:
      - Mon, 01 Jan 1990 00:00:00 GMT
      Pragma:
      - no-cache
      Server:
      - scaffolding on HTTPServer2
      Transfer-Encoding:
      - chunked
      Vary:
      - Origin
      - X-Origin
      - Referer
      X-Content-Type-Options:
      - nosniff
      X-Frame-Options:
      - SAMEORIGIN
      X-XSS-Protection:
      - '0'
      content-length:
      - '381'
    status:
      code: 200
      message: OK
- request:
    body: null
    headers:
      accept:
      - application/json
      accept-encoding:
      - gzip, deflate
      content-length:
      - '0'
      user-agent:
      - (gzip)
      x-goog-api-client:
      - gdcl/2.175.0 gl-python/3.13.5 cred-type/u
    method: GET
    uri: https://www.googleapis.com/calendar/v3/calendars/primary/events/hsesvdes5a9c5nnkgt0f9f0lm8?alt=json
  response:
    body:
      string: "{\n \"kind\": \"calendar#event\",\n \"etag\": \"\\\"3505153234267742\\\"\",\n
        \"id\": \"hsesvdes5a9c5nnkgt0f9f0lm8\",\n \"status\": \"confirmed\",\n \"htmlLink\":
        \"https://www.google.com/calendar/event?eid=aHNlc3ZkZXM1YTljNW5ua2d0MGY5ZjBsbTggd2lsbGlhbWphbWVzaGFuZGxleS5hcnhpdkBt\",\n
        \"created\": \"2025-07-15T10:50:15.000Z\",\n \"updated\": \"2025-07-15T10:50:17.133Z\",\n
        \"summary\": \"Global Team Sync\",\n \"description\": \"Rescheduled to better
        time for European team\",\n \"creator\": {\n  \"email\": \"williamjameshandley.arxiv@gmail.com\",\n
        \ \"self\": true\n },\n \"organizer\": {\n  \"email\": \"williamjameshandley.arxiv@gmail.com\",\n
        \ \"self\": true\n },\n \"start\": {\n  \"dateTime\": \"2025-07-16T16:00:00+01:00\",\n
        \ \"timeZone\": \"Europe/London\"\n },\n \"end\": {\n  \"dateTime\": \"2025-07-16T17:00:00+01:00\",\n
        \ \"timeZone\": \"Europe/London\"\n },\n \"iCalUID\": \"hsesvdes5a9c5nnkgt0f9f0lm8@google.com\",\n
        \"sequence\": 1,\n \"reminders\": {\n  \"useDefault\": true\n },\n \"eventType\":
        \"default\"\n}\n"
    headers:
      Alt-Svc:
      - h3=":443"; ma=2592000,h3-29=":443"; ma=2592000
      Cache-Control:
      - private, max-age=0, must-revalidate, no-transform
      Content-Type:
      - application/json; charset=UTF-8
      Date:
      - Tue, 15 Jul 2025 10:50:17 GMT
      ETag:
      - '"3505153234267742"'
      Expires:
      - Tue, 15 Jul 2025 10:50:17 GMT
      Server:
      - ESF
      Transfer-Encoding:
      - chunked
      Vary:
      - Origin
      - X-Origin
      - Referer
      X-Content-Type-Options:
      - nosniff
      X-Frame-Options:
      - SAMEORIGIN
      X-XSS-Protection:
      - '0'
      content-length:
      - '910'
      x-l2-request-path:
      - l2-managed-14
    status:
      code: 200
      message: OK
- request:
    body: '{"description": "Final time in UTC for global accessibility", "location":
      "", "start": {"dateTime": "2025-07-16T15:00:00", "timeZone": "Europe/London"},
      "end": {"dateTime": "2025-07-16T16:00:00", "timeZone": "Europe/London"}}'
    headers:
      accept:
      - application/json
      accept-encoding:
      - gzip, deflate
      content-length:
      - '225'
      content-type:
      - application/json
      user-agent:
      - (gzip)
      x-goog-api-client:
      - gdcl/2.175.0 gl-python/3.13.5 cred-type/u
    method: PATCH
    uri: https://www.googleapis.com/calendar/v3/calendars/primary/events/hsesvdes5a9c5nnkgt0f9f0lm8?alt=json
  response:
    body:
      string: "{\n \"kind\": \"calendar#event\",\n \"etag\": \"\\\"3505153236407390\\\"\",\n
        \"id\": \"hsesvdes5a9c5nnkgt0f9f0lm8\",\n \"status\": \"confirmed\",\n \"htmlLink\":
        \"https://www.google.com/calendar/event?eid=aHNlc3ZkZXM1YTljNW5ua2d0MGY5ZjBsbTggd2lsbGlhbWphbWVzaGFuZGxleS5hcnhpdkBt\",\n
        \"created\": \"2025-07-15T10:50:15.000Z\",\n \"updated\": \"2025-07-15T10:50:18.203Z\",\n
        \"summary\": \"Global Team Sync\",\n \"description\": \"Final time in UTC
        for global accessibility\",\n \"creator\": {\n  \"email\": \"williamjameshandley.arxiv@gmail.com\",\n
        \ \"self\": true\n },\n \"organizer\": {\n  \"email\": \"williamjameshandley.arxiv@gmail.com\",\n
        \ \"self\": true\n },\n \"start\": {\n  \"dateTime\": \"2025-07-16T15:00:00+01:00\",\n
        \ \"timeZone\": \"Europe/London\"\n },\n \"end\": {\n  \"dateTime\": \"2025-07-16T16:00:00+01:00\",\n
        \ \"timeZone\": \"Europe/London\"\n },\n \"iCalUID\": \"hsesvdes5a9c5nnkgt0f9f0lm8@google.com\",\n
        \"sequence\": 2,\n \"reminders\": {\n  \"useDefault\": true\n },\n \"eventType\":
        \"default\"\n}\n"
    headers:
      Alt-Svc:
      - h3=":443"; ma=2592000,h3-29=":443"; ma=2592000
      Cache-Control:
      - no-cache, no-store, max-age=0, must-revalidate
      Content-Type:
      - application/json; charset=UTF-8
      Date:
      - Tue, 15 Jul 2025 10:50:18 GMT
      ETag:
      - '"3505153236407390"'
      Expires:
      - Mon, 01 Jan 1990 00:00:00 GMT
      Pragma:
      - no-cache
      Server:
      - ESF
      Transfer-Encoding:
      - chunked
      Vary:
      - Origin,X-Origin,Referer
      X-Content-Type-Options:
      - nosniff
      X-Frame-Options:
      - SAMEORIGIN
      X-XSS-Protection:
      - '0'
      content-length:
      - '908'
      x-l2-request-path:
      - l2-managed-14
    status:
      code: 200
      message: OK
- request:
    body: null
    headers:
      accept:
      - application/json
      accept-encoding:
      - gzip, deflate
      content-length:
      - '0'
      user-agent:
      - (gzip)
      x-goog-api-client:
      - gdcl/2.175.0 gl-python/3.13.5 cred-type/u
    method: GET
    uri: https://www.googleapis.com/calendar/v3/calendars/primary/events/hsesvdes5a9c5nnkgt0f9f0lm8?alt=json
  response:
    body:
      string: "{\n  \"error\": {\n    \"code\": 401,\n    \"message\": \"Request had
        invalid authentication credentials. Expected OAuth 2 access token, login cookie
        or other valid authentication credential. See https://developers.google.com/identity/sign-in/web/devconsole-project.\",\n
        \   \"errors\": [\n      {\n        \"message\": \"Invalid Credentials\",\n
        \       \"domain\": \"global\",\n        \"reason\": \"authError\",\n        \"location\":
        \"Authorization\",\n        \"locationType\": \"header\"\n      }\n    ],\n
        \   \"status\": \"UNAUTHENTICATED\"\n  }\n}\n"
    headers:
      Alt-Svc:
      - h3=":443"; ma=2592000,h3-29=":443"; ma=2592000
      Content-Type:
      - application/json; charset=UTF-8
      Date:
      - Tue, 15 Jul 2025 10:50:18 GMT
      Server:
      - ESF
      Transfer-Encoding:
      - chunked
      Vary:
      - Origin
      - X-Origin
      - Referer
      WWW-Authenticate:
      - Bearer realm="https://accounts.google.com/", error="invalid_token"
      X-Content-Type-Options:
      - nosniff
      X-Frame-Options:
      - SAMEORIGIN
      X-XSS-Protection:
      - '0'
      content-length:
      - '507'
      x-l2-request-path:
      - l2-managed-14
    status:
      code: 401
      message: Unauthorized
- request:
    body: grant_type=refresh_token&client_id=378887917503-cmthhlg1nnnr6hqvum1sgaggmqqbnse7.apps.googleusercontent.com&scope=https%3A%2F%2Fwww.googleapis.com%2Fauth%2Fcalendar
    headers:
      accept-encoding:
      - gzip, deflate
      content-type:
      - application/x-www-form-urlencoded
      user-agent:
      - Python-httplib2/0.22.0 (gzip)
      x-goog-api-client:
      - gl-python/3.13.5 auth/2.40.3 cred-type/u
    method: POST
    uri: https://oauth2.googleapis.com/token
  response:
    body:
      string: "{\n  \"access_token\": \"ya29.A0AS3H6NymHd6flcRJ46M9ppcREZD-KHpkfMIVkY2dAwmlCVLXWCejk2TXKWy_NqffKxVuBRlAQTZC6yOItlxu2iw2bQWM4RFDlXyp1S-BnL8OCNumvhVYvMXKOrH9U8rTC6_PAzJGaTSIf0ffWnGp9Kc02ZTKMzQKtR1vnYOP3BC_Ykzs53VgFdE3MN_ffRWzjWewghubaCgYKAd8SARYSFQHGX2MiaeXRlZDKyfLhcbvhd8IQBg0207\",\n
        \ \"expires_in\": 3599,\n  \"scope\": \"https://www.googleapis.com/auth/calendar\",\n
        \ \"token_type\": \"Bearer\"\n}"
    headers:
      Alt-Svc:
      - h3=":443"; ma=2592000,h3-29=":443"; ma=2592000
      Cache-Control:
      - no-cache, no-store, max-age=0, must-revalidate
      Content-Type:
      - application/json; charset=utf-8
      Date:
      - Tue, 15 Jul 2025 10:50:18 GMT
      Expires:
      - Mon, 01 Jan 1990 00:00:00 GMT
      Pragma:
      - no-cache
      Server:
      - scaffolding on HTTPServer2
      Transfer-Encoding:
      - chunked
      Vary:
      - Origin
      - X-Origin
      - Referer
      X-Content-Type-Options:
      - nosniff
      X-Frame-Options:
      - SAMEORIGIN
      X-XSS-Protection:
      - '0'
      content-length:
      - '381'
    status:
      code: 200
      message: OK
- request:
    body: null
    headers:
      accept:
      - application/json
      accept-encoding:
      - gzip, deflate
      content-length:
      - '0'
      user-agent:
      - (gzip)
      x-goog-api-client:
      - gdcl/2.175.0 gl-python/3.13.5 cred-type/u
    method: GET
    uri: https://www.googleapis.com/calendar/v3/calendars/primary/events/hsesvdes5a9c5nnkgt0f9f0lm8?alt=json
  response:
    body:
      string: "{\n \"kind\": \"calendar#event\",\n \"etag\": \"\\\"3505153236407390\\\"\",\n
        \"id\": \"hsesvdes5a9c5nnkgt0f9f0lm8\",\n \"status\": \"confirmed\",\n \"htmlLink\":
        \"https://www.google.com/calendar/event?eid=aHNlc3ZkZXM1YTljNW5ua2d0MGY5ZjBsbTggd2lsbGlhbWphbWVzaGFuZGxleS5hcnhpdkBt\",\n
        \"created\": \"2025-07-15T10:50:15.000Z\",\n \"updated\": \"2025-07-15T10:50:18.203Z\",\n
        \"summary\": \"Global Team Sync\",\n \"description\": \"Final time in UTC
        for global accessibility\",\n \"creator\": {\n  \"email\": \"williamjameshandley.arxiv@gmail.com\",\n
        \ \"self\": true\n },\n \"organizer\": {\n  \"email\": \"williamjameshandley.arxiv@gmail.com\",\n
        \ \"self\": true\n },\n \"start\": {\n  \"dateTime\": \"2025-07-16T15:00:00+01:00\",\n
        \ \"timeZone\": \"Europe/London\"\n },\n \"end\": {\n  \"dateTime\": \"2025-07-16T16:00:00+01:00\",\n
        \ \"timeZone\": \"Europe/London\"\n },\n \"iCalUID\": \"hsesvdes5a9c5nnkgt0f9f0lm8@google.com\",\n
        \"sequence\": 2,\n \"reminders\": {\n  \"useDefault\": true\n },\n \"eventType\":
        \"default\"\n}\n"
    headers:
      Alt-Svc:
      - h3=":443"; ma=2592000,h3-29=":443"; ma=2592000
      Cache-Control:
      - private, max-age=0, must-revalidate, no-transform
      Content-Type:
      - application/json; charset=UTF-8
      Date:
      - Tue, 15 Jul 2025 10:50:18 GMT
      ETag:
      - '"3505153236407390"'
      Expires:
      - Tue, 15 Jul 2025 10:50:18 GMT
      Server:
      - ESF
      Transfer-Encoding:
      - chunked
      Vary:
      - Origin
      - X-Origin
      - Referer
      X-Content-Type-Options:
      - nosniff
      X-Frame-Options:
      - SAMEORIGIN
      X-XSS-Protection:
      - '0'
      content-length:
      - '908'
      x-l2-request-path:
      - l2-managed-14
    status:
      code: 200
      message: OK
- request:
    body: null
    headers:
      accept:
      - '*/*'
      accept-encoding:
      - gzip, deflate
      content-length:
      - '0'
      user-agent:
      - (gzip)
      x-goog-api-client:
      - gdcl/2.175.0 gl-python/3.13.5 cred-type/u
    method: DELETE
    uri: https://www.googleapis.com/calendar/v3/calendars/primary/events/hsesvdes5a9c5nnkgt0f9f0lm8
  response:
    body:
      string: "{\n  \"error\": {\n    \"code\": 401,\n    \"message\": \"Request had
        invalid authentication credentials. Expected OAuth 2 access token, login cookie
        or other valid authentication credential. See https://developers.google.com/identity/sign-in/web/devconsole-project.\",\n
        \   \"errors\": [\n      {\n        \"message\": \"Invalid Credentials\",\n
        \       \"domain\": \"global\",\n        \"reason\": \"authError\",\n        \"location\":
        \"Authorization\",\n        \"locationType\": \"header\"\n      }\n    ],\n
        \   \"status\": \"UNAUTHENTICATED\"\n  }\n}\n"
    headers:
      Alt-Svc:
      - h3=":443"; ma=2592000,h3-29=":443"; ma=2592000
      Content-Type:
      - application/json; charset=UTF-8
      Date:
      - Tue, 15 Jul 2025 10:50:19 GMT
      Server:
      - ESF
      Transfer-Encoding:
      - chunked
      Vary:
      - Origin
      - X-Origin
      - Referer
      WWW-Authenticate:
      - Bearer realm="https://accounts.google.com/", error="invalid_token"
      X-Content-Type-Options:
      - nosniff
      X-Frame-Options:
      - SAMEORIGIN
      X-XSS-Protection:
      - '0'
      content-length:
      - '507'
      x-l2-request-path:
      - l2-managed-14
    status:
      code: 401
      message: Unauthorized
- request:
    body: grant_type=refresh_token&client_id=378887917503-cmthhlg1nnnr6hqvum1sgaggmqqbnse7.apps.googleusercontent.com&scope=https%3A%2F%2Fwww.googleapis.com%2Fauth%2Fcalendar
    headers:
      accept-encoding:
      - gzip, deflate
      content-type:
      - application/x-www-form-urlencoded
      user-agent:
      - Python-httplib2/0.22.0 (gzip)
      x-goog-api-client:
      - gl-python/3.13.5 auth/2.40.3 cred-type/u
    method: POST
    uri: https://oauth2.googleapis.com/token
  response:
    body:
      string: "{\n  \"access_token\": \"ya29.A0AS3H6NxSfXEkPviz8TJE8Cfqme0i7ZxrF6tpjMWQ0EiepnK3FynrldpdUv4qOqdca6SskgPYySRfPDBM9zNuVpt7hOzL33N3rI1AF3LTCTVUMyGGTVZFGLaXBhFZI-8VgmJPCqSIsGpaYaGPK_F933ghFdVgf7CL2-ubhY8zdlYz8Eyy4RQEvPvhiRJoT7Oqu8E2wK0KaCgYKAScSARISFQHGX2MiRMOdX57LkjAJwIDi7C4fJA0207\",\n
        \ \"expires_in\": 3599,\n  \"scope\": \"https://www.googleapis.com/auth/calendar\",\n
        \ \"token_type\": \"Bearer\"\n}"
    headers:
      Alt-Svc:
      - h3=":443"; ma=2592000,h3-29=":443"; ma=2592000
      Cache-Control:
      - no-cache, no-store, max-age=0, must-revalidate
      Content-Type:
      - application/json; charset=utf-8
      Date:
      - Tue, 15 Jul 2025 10:50:19 GMT
      Expires:
      - Mon, 01 Jan 1990 00:00:00 GMT
      Pragma:
      - no-cache
      Server:
      - scaffolding on HTTPServer2
      Transfer-Encoding:
      - chunked
      Vary:
      - Origin
      - X-Origin
      - Referer
      X-Content-Type-Options:
      - nosniff
      X-Frame-Options:
      - SAMEORIGIN
      X-XSS-Protection:
      - '0'
      content-length:
      - '381'
    status:
      code: 200
      message: OK
- request:
    body: null
    headers:
      accept:
      - '*/*'
      accept-encoding:
      - gzip, deflate
      content-length:
      - '0'
      user-agent:
      - (gzip)
      x-goog-api-client:
      - gdcl/2.175.0 gl-python/3.13.5 cred-type/u
    method: DELETE
    uri: https://www.googleapis.com/calendar/v3/calendars/primary/events/hsesvdes5a9c5nnkgt0f9f0lm8
  response:
    body:
      string: ''
    headers:
      Alt-Svc:
      - h3=":443"; ma=2592000,h3-29=":443"; ma=2592000
      Cache-Control:
      - no-cache, no-store, max-age=0, must-revalidate
      Content-Length:
      - '0'
      Content-Type:
      - text/html
      Date:
      - Tue, 15 Jul 2025 10:50:19 GMT
      Expires:
      - Mon, 01 Jan 1990 00:00:00 GMT
      Pragma:
      - no-cache
      Server:
      - ESF
      Vary:
      - Origin
      - X-Origin
      - Referer
      X-Content-Type-Options:
      - nosniff
      X-Frame-Options:
      - SAMEORIGIN
      X-XSS-Protection:
      - '0'
      x-l2-request-path:
      - l2-managed-14
    status:
      code: 204
      message: No Content
version: 1
